#
# There is insufficient memory for the Java Runtime Environment to continue.
# Native memory allocation (malloc) failed to allocate 1048576 bytes. Error detail: AllocateHeap
# Possible reasons:
#   The system is out of physical RAM or swap space
#   This process is running with CompressedOops enabled, and the Java Heap may be blocking the growth of the native heap
# Possible solutions:
#   Reduce memory load on the system
#   Increase physical memory or swap space
#   Check if swap backing store is full
#   Decrease Java heap size (-Xmx/-Xms)
#   Decrease number of Java threads
#   Decrease Java thread stack sizes (-Xss)
#   Set larger code cache with -XX:ReservedCodeCacheSize=
#   JVM is running with Unscaled Compressed Oops mode in which the Java heap is
#     placed in the first 4GB address space. The Java Heap base address is the
#     maximum limit for the native heap growth. Please use -XX:HeapBaseMinAddress
#     to set the Java Heap base and to place the Java Heap above 4GB virtual address.
# This output file may be truncated or incomplete.
#
#  Out of Memory Error (allocation.cpp:44), pid=18036, tid=15348
#
# JRE version: OpenJDK Runtime Environment Temurin-21.0.10+7 (21.0.10+7) (build 21.0.10+7-LTS)
# Java VM: OpenJDK 64-Bit Server VM Temurin-21.0.10+7 (21.0.10+7-LTS, mixed mode, sharing, tiered, compressed oops, compressed class ptrs, parallel gc, windows-amd64)
# No core dump will be written. Minidumps are not enabled by default on client versions of Windows
#

---------------  S U M M A R Y ------------

Command Line: --add-modules=ALL-SYSTEM --add-opens=java.base/java.util=ALL-UNNAMED --add-opens=java.base/java.lang=ALL-UNNAMED --add-opens=java.base/sun.nio.fs=ALL-UNNAMED -Declipse.application=org.eclipse.jdt.ls.core.id1 -Dosgi.bundles.defaultStartLevel=4 -Declipse.product=org.eclipse.jdt.ls.core.product -Djava.import.generatesMetadataFilesAtProjectRoot=false -DDetectVMInstallationsJob.disabled=true -Dfile.encoding=utf8 -XX:+UseParallelGC -XX:GCTimeRatio=4 -XX:AdaptiveSizePolicyWeight=90 -Dsun.zip.disableMemoryMapping=true -Xmx2G -Xms100m -Xlog:disable -javaagent:c:\Users\aidad\.vscode\extensions\redhat.java-1.54.0-win32-x64\lombok\lombok-1.18.39-4050.jar -XX:+HeapDumpOnOutOfMemoryError -XX:HeapDumpPath=c:\Users\aidad\AppData\Roaming\Code\User\workspaceStorage\d211727bd897d708d62249b149b39ef9\redhat.java -Daether.dependencyCollector.impl=bf c:\Users\aidad\.vscode\extensions\redhat.java-1.54.0-win32-x64\server\plugins\org.eclipse.equinox.launcher_1.7.100.v20251111-0406.jar -configuration c:\Users\aidad\AppData\Roaming\Code\User\globalStorage\redhat.java\1.54.0\config_win -data c:\Users\aidad\AppData\Roaming\Code\User\workspaceStorage\d211727bd897d708d62249b149b39ef9\redhat.java\jdt_ws --pipe=\\.\pipe\lsp-0a7c19d2934e22738b87aa0b51a4f947-sock

Host: AMD Athlon Silver 3050U with Radeon Graphics   , 2 cores, 3G,  Windows 11 , 64 bit Build 26100 (10.0.26100.8328)
Time: Sat May 30 21:18:36 2026 Malay Peninsula Standard Time elapsed time: 910.110156 seconds (0d 0h 15m 10s)

---------------  T H R E A D  ---------------

Current thread (0x000002283d8affc0):  JavaThread "Attach Listener" daemon [_thread_in_vm, id=15348, stack(0x000000b454500000,0x000000b454600000) (1024K)]

Stack: [0x000000b454500000,0x000000b454600000]
Native frames: (J=compiled Java code, j=interpreted, Vv=VM code, C=native code)
V  [jvm.dll+0x6d7a39]
V  [jvm.dll+0x8b4b26]
V  [jvm.dll+0x8b70de]
V  [jvm.dll+0x8b77c3]
V  [jvm.dll+0x284346]
V  [jvm.dll+0xc1277]
V  [jvm.dll+0x6d82e9]
V  [jvm.dll+0x1334a6]
V  [jvm.dll+0x3f857e]
V  [jvm.dll+0x85f59d]
V  [jvm.dll+0x6d626d]
C  [ucrtbase.dll+0x37b0]
C  [KERNEL32.DLL+0x2e957]
C  [ntdll.dll+0x427c]


---------------  P R O C E S S  ---------------

Threads class SMR info:
_java_thread_list=0x0000022812872670, length=31, elements={
0x00000228252db320, 0x000002283d8a90d0, 0x000002283d8ac8f0, 0x000002283d8ad550,
0x000002283d8affc0, 0x000002283d8b9240, 0x000002283d8bbcb0, 0x000002283d8bcaf0,
0x000002283d92f880, 0x000002287f23a3b0, 0x000002287f34d210, 0x000002287f470140,
0x000002287f57f290, 0x000002287f609340, 0x000002287f57a520, 0x000002287fcf4c70,
0x000002287f68e850, 0x000002287f6c1e90, 0x000002287f45b020, 0x000002287f459c70,
0x0000022806331d10, 0x000002280632f5b0, 0x00000228063302d0, 0x0000022806330960,
0x000002280632e890, 0x000002280632ef20, 0x0000022806ad5b20, 0x0000022806ad8910,
0x0000022806ad8fa0, 0x000002287f45c3d0, 0x0000022806ad4770
}

Java Threads: ( => current thread )
  0x00000228252db320 JavaThread "main"                              [_thread_blocked, id=19248, stack(0x000000b453d00000,0x000000b453e00000) (1024K)]
  0x000002283d8a90d0 JavaThread "Reference Handler"          daemon [_thread_blocked, id=13832, stack(0x000000b454200000,0x000000b454300000) (1024K)]
  0x000002283d8ac8f0 JavaThread "Finalizer"                  daemon [_thread_blocked, id=11336, stack(0x000000b454300000,0x000000b454400000) (1024K)]
  0x000002283d8ad550 JavaThread "Signal Dispatcher"          daemon [_thread_blocked, id=2772, stack(0x000000b454400000,0x000000b454500000) (1024K)]
=>0x000002283d8affc0 JavaThread "Attach Listener"            daemon [_thread_in_vm, id=15348, stack(0x000000b454500000,0x000000b454600000) (1024K)]
  0x000002283d8b9240 JavaThread "Service Thread"             daemon [_thread_blocked, id=17248, stack(0x000000b454600000,0x000000b454700000) (1024K)]
  0x000002283d8bbcb0 JavaThread "Monitor Deflation Thread"   daemon [_thread_blocked, id=15288, stack(0x000000b454700000,0x000000b454800000) (1024K)]
  0x000002283d8bcaf0 JavaThread "C2 CompilerThread0"         daemon [_thread_blocked, id=6128, stack(0x000000b454800000,0x000000b454900000) (1024K)]
  0x000002283d92f880 JavaThread "C1 CompilerThread0"         daemon [_thread_blocked, id=16308, stack(0x000000b454900000,0x000000b454a00000) (1024K)]
  0x000002287f23a3b0 JavaThread "Common-Cleaner"             daemon [_thread_blocked, id=17144, stack(0x000000b454a00000,0x000000b454b00000) (1024K)]
  0x000002287f34d210 JavaThread "Notification Thread"        daemon [_thread_blocked, id=13524, stack(0x000000b454b00000,0x000000b454c00000) (1024K)]
  0x000002287f470140 JavaThread "Active Thread: Equinox Container: ca1bf28c-a3ef-4ba6-9c7c-79fc3f4c1211"        [_thread_blocked, id=11912, stack(0x000000b454d00000,0x000000b454e00000) (1024K)]
  0x000002287f57f290 JavaThread "Refresh Thread: Equinox Container: ca1bf28c-a3ef-4ba6-9c7c-79fc3f4c1211" daemon [_thread_blocked, id=7844, stack(0x000000b454e00000,0x000000b454f00000) (1024K)]
  0x000002287f609340 JavaThread "Framework Event Dispatcher: Equinox Container: ca1bf28c-a3ef-4ba6-9c7c-79fc3f4c1211" daemon [_thread_blocked, id=18748, stack(0x000000b454f00000,0x000000b455000000) (1024K)]
  0x000002287f57a520 JavaThread "Start Level: Equinox Container: ca1bf28c-a3ef-4ba6-9c7c-79fc3f4c1211" daemon [_thread_blocked, id=11628, stack(0x000000b455000000,0x000000b455100000) (1024K)]
  0x000002287fcf4c70 JavaThread "Bundle File Closer"         daemon [_thread_blocked, id=8512, stack(0x000000b455100000,0x000000b455200000) (1024K)]
  0x000002287f68e850 JavaThread "SCR Component Actor"        daemon [_thread_blocked, id=10728, stack(0x000000b455200000,0x000000b455300000) (1024K)]
  0x000002287f6c1e90 JavaThread "Worker-JM"                         [_thread_blocked, id=7900, stack(0x000000b455300000,0x000000b455400000) (1024K)]
  0x000002287f45b020 JavaThread "JNA Cleaner"                daemon [_thread_blocked, id=10576, stack(0x000000b455400000,0x000000b455500000) (1024K)]
  0x000002287f459c70 JavaThread "Java indexing"              daemon [_thread_blocked, id=15264, stack(0x000000b455900000,0x000000b455a00000) (1024K)]
  0x0000022806331d10 JavaThread "Thread-1"                   daemon [_thread_in_native, id=18268, stack(0x000000b455e00000,0x000000b455f00000) (1024K)]
  0x000002280632f5b0 JavaThread "Thread-2"                   daemon [_thread_in_native, id=16288, stack(0x000000b455f00000,0x000000b456000000) (1024K)]
  0x00000228063302d0 JavaThread "Thread-3"                   daemon [_thread_in_native, id=8928, stack(0x000000b456000000,0x000000b456100000) (1024K)]
  0x0000022806330960 JavaThread "pool-2-thread-1"                   [_thread_blocked, id=14084, stack(0x000000b456100000,0x000000b456200000) (1024K)]
  0x000002280632e890 JavaThread "WorkspaceEventsHandler"            [_thread_blocked, id=13896, stack(0x000000b456200000,0x000000b456300000) (1024K)]
  0x000002280632ef20 JavaThread "pool-1-thread-1"                   [_thread_blocked, id=7312, stack(0x000000b456300000,0x000000b456400000) (1024K)]
  0x0000022806ad5b20 JavaThread "pool-3-thread-1"                   [_thread_blocked, id=15880, stack(0x000000b456600000,0x000000b456700000) (1024K)]
  0x0000022806ad8910 JavaThread "Cleaner-0"                  daemon [_thread_blocked, id=17592, stack(0x000000b455700000,0x000000b455800000) (1024K)]
  0x0000022806ad8fa0 JavaThread "Worker-12"                         [_thread_blocked, id=3944, stack(0x000000b455a00000,0x000000b455b00000) (1024K)]
  0x000002287f45c3d0 JavaThread "Worker-13"                         [_thread_blocked, id=18952, stack(0x000000b455b00000,0x000000b455c00000) (1024K)]
  0x0000022806ad4770 JavaThread "Worker-14"                         [_thread_blocked, id=18100, stack(0x000000b456700000,0x000000b456800000) (1024K)]
Total: 31

Other Threads:
  0x000002282539cf60 VMThread "VM Thread"                           [id=8384, stack(0x000000b454100000,0x000000b454200000) (1024K)]
  0x000002283d88ca10 WatcherThread "VM Periodic Task Thread"        [id=18024, stack(0x000000b454000000,0x000000b454100000) (1024K)]
  0x00000228252fabd0 WorkerThread "GC Thread#0"                     [id=9244, stack(0x000000b453f00000,0x000000b454000000) (1024K)]
  0x000002287f1178c0 WorkerThread "GC Thread#1"                     [id=16224, stack(0x000000b454c00000,0x000000b454d00000) (1024K)]
Total: 4

Threads with active compile tasks:
Total: 0

VM state: not at safepoint (normal execution)

VM Mutex/Monitor currently owned by a thread: None

Heap address: 0x0000000080000000, size: 2048 MB, Compressed Oops mode: 32-bit

CDS archive(s) mapped at: [0x000002283e000000-0x000002283eba0000-0x000002283eba0000), size 12189696, SharedBaseAddress: 0x000002283e000000, ArchiveRelocationMode: 1.
Compressed class space mapped at: 0x000002283f000000-0x000002287f000000, reserved size: 1073741824
Narrow klass base: 0x000002283e000000, Narrow klass shift: 0, Narrow klass range: 0x100000000

GC Precious Log:
 CardTable entry size: 512
 CPUs: 2 total, 2 available
 Memory: 3460M
 Large Page Support: Disabled
 NUMA Support: Disabled
 Compressed Oops: Enabled (32-bit)
 Alignments: Space 512K, Generation 512K, Heap 2M
 Heap Min Capacity: 100M
 Heap Initial Capacity: 100M
 Heap Max Capacity: 2G
 Pre-touch: Disabled
 Parallel Workers: 2

Heap:
 PSYoungGen      total 4096K, used 990K [0x00000000d5580000, 0x00000000d5c80000, 0x0000000100000000)
  eden space 3584K, 22% used [0x00000000d5580000,0x00000000d5647850,0x00000000d5900000)
  from space 512K, 37% used [0x00000000d5c00000,0x00000000d5c30000,0x00000000d5c80000)
  to   space 512K, 0% used [0x00000000d5b80000,0x00000000d5b80000,0x00000000d5c00000)
 ParOldGen       total 277504K, used 277114K [0x0000000080000000, 0x0000000090f00000, 0x00000000d5580000)
  object space 277504K, 99% used [0x0000000080000000,0x0000000090e9e8b8,0x0000000090f00000)
 Metaspace       used 72491K, committed 74176K, reserved 1179648K
  class space    used 7366K, committed 8064K, reserved 1048576K

Card table byte_map: [0x0000022838cf0000,0x0000022839100000] _byte_map_base: 0x00000228388f0000

Marking Bits: (ParMarkBitMap*) 0x00007fff2e7e3450
 Begin Bits: [0x00000228393b0000, 0x000002283b3b0000)
 End Bits:   [0x000002283b3b0000, 0x000002283d3b0000)

Polling page: 0x0000022825060000

Metaspace:

Usage:
  Non-class:     63.60 MB used.
      Class:      7.19 MB used.
       Both:     70.79 MB used.

Virtual space:
  Non-class space:      128.00 MB reserved,      64.56 MB ( 50%) committed,  2 nodes.
      Class space:        1.00 GB reserved,       7.88 MB ( <1%) committed,  1 nodes.
             Both:        1.12 GB reserved,      72.44 MB (  6%) committed. 

Chunk freelists:
   Non-Class:  15.14 MB
       Class:  8.11 MB
        Both:  23.25 MB

MaxMetaspaceSize: unlimited
CompressedClassSpaceSize: 1.00 GB
Initial GC threshold: 21.00 MB
Current GC threshold: 97.31 MB
CDS: on
 - commit_granule_bytes: 65536.
 - commit_granule_words: 8192.
 - virtual_space_node_default_size: 8388608.
 - enlarge_chunks_in_place: 1.
 - use_allocation_guard: 0.


Internal statistics:

num_allocs_failed_limit: 9.
num_arena_births: 1348.
num_arena_deaths: 14.
num_vsnodes_births: 3.
num_vsnodes_deaths: 0.
num_space_committed: 1159.
num_space_uncommitted: 0.
num_chunks_returned_to_freelist: 23.
num_chunks_taken_from_freelist: 4794.
num_chunk_merges: 14.
num_chunk_splits: 2972.
num_chunks_enlarged: 1742.
num_inconsistent_stats: 0.

CodeHeap 'non-profiled nmethods': size=120064Kb used=14600Kb max_used=14600Kb free=105463Kb
 bounds [0x00000228315d0000, 0x0000022832420000, 0x0000022838b10000]
CodeHeap 'profiled nmethods': size=120000Kb used=35613Kb max_used=35613Kb free=84386Kb
 bounds [0x0000022829b10000, 0x000002282bde0000, 0x0000022831040000]
CodeHeap 'non-nmethods': size=5696Kb used=1467Kb max_used=1553Kb free=4228Kb
 bounds [0x0000022831040000, 0x00000228312b0000, 0x00000228315d0000]
CodeCache: size=245760Kb, used=51680Kb, max_used=51766Kb, free=194077Kb
 total_blobs=14522, nmethods=13732, adapters=691, full_count=0
Compilation: enabled, stopped_count=0, restarted_count=0

Compilation events (20 events):
Event: 850.784 Thread 0x000002283d92f880 14548       3       org.eclipse.core.internal.resources.WorkManager::incrementPreparedOperations (11 bytes)
Event: 850.784 Thread 0x000002283d92f880 nmethod 14548 0x000002282bdce110 code [0x000002282bdce2a0, 0x000002282bdce3b0]
Event: 850.784 Thread 0x000002283d92f880 14549       3       org.eclipse.core.internal.resources.Workspace::beginOperation (80 bytes)
Event: 850.785 Thread 0x000002283d92f880 nmethod 14549 0x000002282bdce490 code [0x000002282bdce720, 0x000002282bdcf428]
Event: 850.785 Thread 0x000002283d92f880 14550       3       org.eclipse.core.internal.resources.WorkManager::incrementNestedOperations (11 bytes)
Event: 850.786 Thread 0x000002283d92f880 nmethod 14550 0x000002282bdcf910 code [0x000002282bdcfaa0, 0x000002282bdcfbb0]
Event: 866.895 Thread 0x000002283d8bcaf0 14551       4       org.eclipse.core.runtime.Assert::isNotNull (19 bytes)
Event: 866.900 Thread 0x000002283d8bcaf0 nmethod 14551 0x000002283240f510 code [0x000002283240f6a0, 0x000002283240f728]
Event: 866.971 Thread 0x000002283d8bcaf0 14552       4       java.util.regex.Pattern::sequence (647 bytes)
Event: 867.048 Thread 0x000002283d8bcaf0 nmethod 14552 0x000002283240f810 code [0x000002283240fc60, 0x0000022832411120]
Event: 867.117 Thread 0x000002283d92f880 14553       3       org.eclipse.jdt.ls.core.internal.JDTUtils::getFileURI (25 bytes)
Event: 867.137 Thread 0x000002283d92f880 nmethod 14553 0x000002282bdcfc90 code [0x000002282bdcff00, 0x000002282bdd0bf0]
Event: 867.137 Thread 0x000002283d92f880 14554       3       org.eclipse.jdt.ls.core.internal.ResourceUtils::fixURI (49 bytes)
Event: 867.162 Thread 0x000002283d92f880 nmethod 14554 0x000002282bdd1010 code [0x000002282bdd1320, 0x000002282bdd1f50]
Event: 867.162 Thread 0x000002283d92f880 14556       3       org.eclipse.jdt.internal.core.SourceMethod::isConstructor (32 bytes)
Event: 867.166 Thread 0x000002283d92f880 nmethod 14556 0x000002282bdd2510 code [0x000002282bdd2740, 0x000002282bdd2ef0]
Event: 867.166 Thread 0x000002283d92f880 14555       3       org.eclipse.core.internal.resources.Resource::getRawLocationURI (30 bytes)
Event: 867.171 Thread 0x000002283d92f880 nmethod 14555 0x000002282bdd3110 code [0x000002282bdd3420, 0x000002282bdd4b50]
Event: 867.172 Thread 0x000002283d92f880 14557   !   3       org.eclipse.jdt.ls.core.internal.JDTUtils::toURI (67 bytes)
Event: 867.183 Thread 0x000002283d92f880 nmethod 14557 0x000002282bdd5110 code [0x000002282bdd54a0, 0x000002282bdd6c88]

GC Heap History (20 events):
Event: 837.428 GC heap before
{Heap before GC invocations=324 (full 3):
 PSYoungGen      total 5632K, used 5511K [0x00000000d5580000, 0x00000000d5f80000, 0x0000000100000000)
  eden space 3584K, 100% used [0x00000000d5580000,0x00000000d5900000,0x00000000d5900000)
  from space 2048K, 94% used [0x00000000d5d80000,0x00000000d5f61c60,0x00000000d5f80000)
  to   space 2560K, 0% used [0x00000000d5a80000,0x00000000d5a80000,0x00000000d5d00000)
 ParOldGen       total 272896K, used 272819K [0x0000000080000000, 0x0000000090a80000, 0x00000000d5580000)
  object space 272896K, 99% used [0x0000000080000000,0x0000000090a6ccd8,0x0000000090a80000)
 Metaspace       used 70955K, committed 72512K, reserved 1114112K
  class space    used 7208K, committed 7808K, reserved 1048576K
}
Event: 837.434 GC heap after
{Heap after GC invocations=324 (full 3):
 PSYoungGen      total 4608K, used 576K [0x00000000d5580000, 0x00000000d5e00000, 0x0000000100000000)
  eden space 3584K, 0% used [0x00000000d5580000,0x00000000d5580000,0x00000000d5900000)
  from space 1024K, 56% used [0x00000000d5a80000,0x00000000d5b10000,0x00000000d5b80000)
  to   space 1536K, 0% used [0x00000000d5c80000,0x00000000d5c80000,0x00000000d5e00000)
 ParOldGen       total 274944K, used 274609K [0x0000000080000000, 0x0000000090c80000, 0x00000000d5580000)
  object space 274944K, 99% used [0x0000000080000000,0x0000000090c2c7e8,0x0000000090c80000)
 Metaspace       used 70955K, committed 72512K, reserved 1114112K
  class space    used 7208K, committed 7808K, reserved 1048576K
}
Event: 839.270 GC heap before
{Heap before GC invocations=325 (full 3):
 PSYoungGen      total 4608K, used 4160K [0x00000000d5580000, 0x00000000d5e00000, 0x0000000100000000)
  eden space 3584K, 100% used [0x00000000d5580000,0x00000000d5900000,0x00000000d5900000)
  from space 1024K, 56% used [0x00000000d5a80000,0x00000000d5b10000,0x00000000d5b80000)
  to   space 1536K, 0% used [0x00000000d5c80000,0x00000000d5c80000,0x00000000d5e00000)
 ParOldGen       total 274944K, used 274609K [0x0000000080000000, 0x0000000090c80000, 0x00000000d5580000)
  object space 274944K, 99% used [0x0000000080000000,0x0000000090c2c7e8,0x0000000090c80000)
 Metaspace       used 70981K, committed 72512K, reserved 1114112K
  class space    used 7209K, committed 7808K, reserved 1048576K
}
Event: 839.285 GC heap after
{Heap after GC invocations=325 (full 3):
 PSYoungGen      total 4608K, used 520K [0x00000000d5580000, 0x00000000d5d80000, 0x0000000100000000)
  eden space 3584K, 0% used [0x00000000d5580000,0x00000000d5580000,0x00000000d5900000)
  from space 1024K, 50% used [0x00000000d5c80000,0x00000000d5d02010,0x00000000d5d80000)
  to   space 1024K, 0% used [0x00000000d5a80000,0x00000000d5a80000,0x00000000d5b80000)
 ParOldGen       total 275456K, used 275151K [0x0000000080000000, 0x0000000090d00000, 0x00000000d5580000)
  object space 275456K, 99% used [0x0000000080000000,0x0000000090cb3df8,0x0000000090d00000)
 Metaspace       used 70981K, committed 72512K, reserved 1114112K
  class space    used 7209K, committed 7808K, reserved 1048576K
}
Event: 839.498 GC heap before
{Heap before GC invocations=326 (full 3):
 PSYoungGen      total 4608K, used 4104K [0x00000000d5580000, 0x00000000d5d80000, 0x0000000100000000)
  eden space 3584K, 100% used [0x00000000d5580000,0x00000000d5900000,0x00000000d5900000)
  from space 1024K, 50% used [0x00000000d5c80000,0x00000000d5d02010,0x00000000d5d80000)
  to   space 1024K, 0% used [0x00000000d5a80000,0x00000000d5a80000,0x00000000d5b80000)
 ParOldGen       total 275456K, used 275151K [0x0000000080000000, 0x0000000090d00000, 0x00000000d5580000)
  object space 275456K, 99% used [0x0000000080000000,0x0000000090cb3df8,0x0000000090d00000)
 Metaspace       used 71003K, committed 72512K, reserved 1114112K
  class space    used 7209K, committed 7808K, reserved 1048576K
}
Event: 839.504 GC heap after
{Heap after GC invocations=326 (full 3):
 PSYoungGen      total 4608K, used 288K [0x00000000d5580000, 0x00000000d5d00000, 0x0000000100000000)
  eden space 3584K, 0% used [0x00000000d5580000,0x00000000d5580000,0x00000000d5900000)
  from space 1024K, 28% used [0x00000000d5a80000,0x00000000d5ac8000,0x00000000d5b80000)
  to   space 512K, 0% used [0x00000000d5c80000,0x00000000d5c80000,0x00000000d5d00000)
 ParOldGen       total 275456K, used 275418K [0x0000000080000000, 0x0000000090d00000, 0x00000000d5580000)
  object space 275456K, 99% used [0x0000000080000000,0x0000000090cf69c8,0x0000000090d00000)
 Metaspace       used 71003K, committed 72512K, reserved 1114112K
  class space    used 7209K, committed 7808K, reserved 1048576K
}
Event: 840.323 GC heap before
{Heap before GC invocations=327 (full 3):
 PSYoungGen      total 4608K, used 3861K [0x00000000d5580000, 0x00000000d5d00000, 0x0000000100000000)
  eden space 3584K, 99% used [0x00000000d5580000,0x00000000d58fd5a0,0x00000000d5900000)
  from space 1024K, 28% used [0x00000000d5a80000,0x00000000d5ac8000,0x00000000d5b80000)
  to   space 512K, 0% used [0x00000000d5c80000,0x00000000d5c80000,0x00000000d5d00000)
 ParOldGen       total 275456K, used 275418K [0x0000000080000000, 0x0000000090d00000, 0x00000000d5580000)
  object space 275456K, 99% used [0x0000000080000000,0x0000000090cf69c8,0x0000000090d00000)
 Metaspace       used 71107K, committed 72640K, reserved 1114112K
  class space    used 7221K, committed 7872K, reserved 1048576K
}
Event: 840.326 GC heap after
{Heap after GC invocations=327 (full 3):
 PSYoungGen      total 4096K, used 95K [0x00000000d5580000, 0x00000000d5d00000, 0x0000000100000000)
  eden space 3584K, 0% used [0x00000000d5580000,0x00000000d5580000,0x00000000d5900000)
  from space 512K, 18% used [0x00000000d5c80000,0x00000000d5c97d58,0x00000000d5d00000)
  to   space 512K, 0% used [0x00000000d5c00000,0x00000000d5c00000,0x00000000d5c80000)
 ParOldGen       total 275456K, used 275426K [0x0000000080000000, 0x0000000090d00000, 0x00000000d5580000)
  object space 275456K, 99% used [0x0000000080000000,0x0000000090cf89c8,0x0000000090d00000)
 Metaspace       used 71107K, committed 72640K, reserved 1114112K
  class space    used 7221K, committed 7872K, reserved 1048576K
}
Event: 840.835 GC heap before
{Heap before GC invocations=328 (full 3):
 PSYoungGen      total 4096K, used 3679K [0x00000000d5580000, 0x00000000d5d00000, 0x0000000100000000)
  eden space 3584K, 100% used [0x00000000d5580000,0x00000000d5900000,0x00000000d5900000)
  from space 512K, 18% used [0x00000000d5c80000,0x00000000d5c97d58,0x00000000d5d00000)
  to   space 512K, 0% used [0x00000000d5c00000,0x00000000d5c00000,0x00000000d5c80000)
 ParOldGen       total 275456K, used 275426K [0x0000000080000000, 0x0000000090d00000, 0x00000000d5580000)
  object space 275456K, 99% used [0x0000000080000000,0x0000000090cf89c8,0x0000000090d00000)
 Metaspace       used 71175K, committed 72704K, reserved 1114112K
  class space    used 7224K, committed 7872K, reserved 1048576K
}
Event: 840.839 GC heap after
{Heap after GC invocations=328 (full 3):
 PSYoungGen      total 4096K, used 480K [0x00000000d5580000, 0x00000000d5d00000, 0x0000000100000000)
  eden space 3584K, 0% used [0x00000000d5580000,0x00000000d5580000,0x00000000d5900000)
  from space 512K, 93% used [0x00000000d5c00000,0x00000000d5c78020,0x00000000d5c80000)
  to   space 512K, 0% used [0x00000000d5c80000,0x00000000d5c80000,0x00000000d5d00000)
 ParOldGen       total 275456K, used 275450K [0x0000000080000000, 0x0000000090d00000, 0x00000000d5580000)
  object space 275456K, 99% used [0x0000000080000000,0x0000000090cfe9c8,0x0000000090d00000)
 Metaspace       used 71175K, committed 72704K, reserved 1114112K
  class space    used 7224K, committed 7872K, reserved 1048576K
}
Event: 841.025 GC heap before
{Heap before GC invocations=329 (full 3):
 PSYoungGen      total 4096K, used 4064K [0x00000000d5580000, 0x00000000d5d00000, 0x0000000100000000)
  eden space 3584K, 100% used [0x00000000d5580000,0x00000000d5900000,0x00000000d5900000)
  from space 512K, 93% used [0x00000000d5c00000,0x00000000d5c78020,0x00000000d5c80000)
  to   space 512K, 0% used [0x00000000d5c80000,0x00000000d5c80000,0x00000000d5d00000)
 ParOldGen       total 275456K, used 275450K [0x0000000080000000, 0x0000000090d00000, 0x00000000d5580000)
  object space 275456K, 99% used [0x0000000080000000,0x0000000090cfe9c8,0x0000000090d00000)
 Metaspace       used 71199K, committed 72768K, reserved 1114112K
  class space    used 7224K, committed 7872K, reserved 1048576K
}
Event: 841.026 GC heap after
{Heap after GC invocations=329 (full 3):
 PSYoungGen      total 4096K, used 96K [0x00000000d5580000, 0x00000000d5d00000, 0x0000000100000000)
  eden space 3584K, 0% used [0x00000000d5580000,0x00000000d5580000,0x00000000d5900000)
  from space 512K, 18% used [0x00000000d5c80000,0x00000000d5c98000,0x00000000d5d00000)
  to   space 512K, 0% used [0x00000000d5c00000,0x00000000d5c00000,0x00000000d5c80000)
 ParOldGen       total 275968K, used 275892K [0x0000000080000000, 0x0000000090d80000, 0x00000000d5580000)
  object space 275968K, 99% used [0x0000000080000000,0x0000000090d6d368,0x0000000090d80000)
 Metaspace       used 71199K, committed 72768K, reserved 1114112K
  class space    used 7224K, committed 7872K, reserved 1048576K
}
Event: 842.336 GC heap before
{Heap before GC invocations=330 (full 3):
 PSYoungGen      total 4096K, used 3677K [0x00000000d5580000, 0x00000000d5d00000, 0x0000000100000000)
  eden space 3584K, 99% used [0x00000000d5580000,0x00000000d58ff6a0,0x00000000d5900000)
  from space 512K, 18% used [0x00000000d5c80000,0x00000000d5c98000,0x00000000d5d00000)
  to   space 512K, 0% used [0x00000000d5c00000,0x00000000d5c00000,0x00000000d5c80000)
 ParOldGen       total 275968K, used 275892K [0x0000000080000000, 0x0000000090d80000, 0x00000000d5580000)
  object space 275968K, 99% used [0x0000000080000000,0x0000000090d6d368,0x0000000090d80000)
 Metaspace       used 71324K, committed 72896K, reserved 1114112K
  class space    used 7231K, committed 7872K, reserved 1048576K
}
Event: 842.338 GC heap after
{Heap after GC invocations=330 (full 3):
 PSYoungGen      total 4096K, used 128K [0x00000000d5580000, 0x00000000d5d00000, 0x0000000100000000)
  eden space 3584K, 0% used [0x00000000d5580000,0x00000000d5580000,0x00000000d5900000)
  from space 512K, 25% used [0x00000000d5c00000,0x00000000d5c20020,0x00000000d5c80000)
  to   space 512K, 0% used [0x00000000d5c80000,0x00000000d5c80000,0x00000000d5d00000)
 ParOldGen       total 275968K, used 275900K [0x0000000080000000, 0x0000000090d80000, 0x00000000d5580000)
  object space 275968K, 99% used [0x0000000080000000,0x0000000090d6f368,0x0000000090d80000)
 Metaspace       used 71324K, committed 72896K, reserved 1114112K
  class space    used 7231K, committed 7872K, reserved 1048576K
}
Event: 842.541 GC heap before
{Heap before GC invocations=331 (full 3):
 PSYoungGen      total 4096K, used 3712K [0x00000000d5580000, 0x00000000d5d00000, 0x0000000100000000)
  eden space 3584K, 100% used [0x00000000d5580000,0x00000000d5900000,0x00000000d5900000)
  from space 512K, 25% used [0x00000000d5c00000,0x00000000d5c20020,0x00000000d5c80000)
  to   space 512K, 0% used [0x00000000d5c80000,0x00000000d5c80000,0x00000000d5d00000)
 ParOldGen       total 275968K, used 275900K [0x0000000080000000, 0x0000000090d80000, 0x00000000d5580000)
  object space 275968K, 99% used [0x0000000080000000,0x0000000090d6f368,0x0000000090d80000)
 Metaspace       used 71540K, committed 73088K, reserved 1179648K
  class space    used 7250K, committed 7872K, reserved 1048576K
}
Event: 842.545 GC heap after
{Heap after GC invocations=331 (full 3):
 PSYoungGen      total 4096K, used 512K [0x00000000d5580000, 0x00000000d5d00000, 0x0000000100000000)
  eden space 3584K, 0% used [0x00000000d5580000,0x00000000d5580000,0x00000000d5900000)
  from space 512K, 100% used [0x00000000d5c80000,0x00000000d5d00000,0x00000000d5d00000)
  to   space 1536K, 0% used [0x00000000d5a00000,0x00000000d5a00000,0x00000000d5b80000)
 ParOldGen       total 276480K, used 276295K [0x0000000080000000, 0x0000000090e00000, 0x00000000d5580000)
  object space 276480K, 99% used [0x0000000080000000,0x0000000090dd1f18,0x0000000090e00000)
 Metaspace       used 71540K, committed 73088K, reserved 1179648K
  class space    used 7250K, committed 7872K, reserved 1048576K
}
Event: 843.258 GC heap before
{Heap before GC invocations=332 (full 3):
 PSYoungGen      total 4096K, used 4096K [0x00000000d5580000, 0x00000000d5d00000, 0x0000000100000000)
  eden space 3584K, 100% used [0x00000000d5580000,0x00000000d5900000,0x00000000d5900000)
  from space 512K, 100% used [0x00000000d5c80000,0x00000000d5d00000,0x00000000d5d00000)
  to   space 1536K, 0% used [0x00000000d5a00000,0x00000000d5a00000,0x00000000d5b80000)
 ParOldGen       total 276480K, used 276295K [0x0000000080000000, 0x0000000090e00000, 0x00000000d5580000)
  object space 276480K, 99% used [0x0000000080000000,0x0000000090dd1f18,0x0000000090e00000)
 Metaspace       used 71825K, committed 73408K, reserved 1179648K
  class space    used 7284K, committed 7936K, reserved 1048576K
}
Event: 843.270 GC heap after
{Heap after GC invocations=332 (full 3):
 PSYoungGen      total 5120K, used 345K [0x00000000d5580000, 0x00000000d5d00000, 0x0000000100000000)
  eden space 3584K, 0% used [0x00000000d5580000,0x00000000d5580000,0x00000000d5900000)
  from space 1536K, 22% used [0x00000000d5a00000,0x00000000d5a565d8,0x00000000d5b80000)
  to   space 1024K, 0% used [0x00000000d5c00000,0x00000000d5c00000,0x00000000d5d00000)
 ParOldGen       total 276992K, used 276788K [0x0000000080000000, 0x0000000090e80000, 0x00000000d5580000)
  object space 276992K, 99% used [0x0000000080000000,0x0000000090e4d398,0x0000000090e80000)
 Metaspace       used 71825K, committed 73408K, reserved 1179648K
  class space    used 7284K, committed 7936K, reserved 1048576K
}
Event: 849.637 GC heap before
{Heap before GC invocations=333 (full 3):
 PSYoungGen      total 5120K, used 3929K [0x00000000d5580000, 0x00000000d5d00000, 0x0000000100000000)
  eden space 3584K, 100% used [0x00000000d5580000,0x00000000d5900000,0x00000000d5900000)
  from space 1536K, 22% used [0x00000000d5a00000,0x00000000d5a565d8,0x00000000d5b80000)
  to   space 1024K, 0% used [0x00000000d5c00000,0x00000000d5c00000,0x00000000d5d00000)
 ParOldGen       total 276992K, used 276788K [0x0000000080000000, 0x0000000090e80000, 0x00000000d5580000)
  object space 276992K, 99% used [0x0000000080000000,0x0000000090e4d398,0x0000000090e80000)
 Metaspace       used 72481K, committed 74176K, reserved 1179648K
  class space    used 7366K, committed 8064K, reserved 1048576K
}
Event: 849.661 GC heap after
{Heap after GC invocations=333 (full 3):
 PSYoungGen      total 4096K, used 192K [0x00000000d5580000, 0x00000000d5c80000, 0x0000000100000000)
  eden space 3584K, 0% used [0x00000000d5580000,0x00000000d5580000,0x00000000d5900000)
  from space 512K, 37% used [0x00000000d5c00000,0x00000000d5c30000,0x00000000d5c80000)
  to   space 512K, 0% used [0x00000000d5b80000,0x00000000d5b80000,0x00000000d5c00000)
 ParOldGen       total 277504K, used 277114K [0x0000000080000000, 0x0000000090f00000, 0x00000000d5580000)
  object space 277504K, 99% used [0x0000000080000000,0x0000000090e9e8b8,0x0000000090f00000)
 Metaspace       used 72481K, committed 74176K, reserved 1179648K
  class space    used 7366K, committed 8064K, reserved 1048576K
}

Dll operation events (10 events):
Event: 0.063 Loaded shared library c:\Users\aidad\.vscode\extensions\redhat.java-1.54.0-win32-x64\jre\21.0.10-win32-x86_64\bin\java.dll
Event: 3.028 Loaded shared library c:\Users\aidad\.vscode\extensions\redhat.java-1.54.0-win32-x64\jre\21.0.10-win32-x86_64\bin\zip.dll
Event: 3.123 Loaded shared library C:\Users\aidad\.vscode\extensions\redhat.java-1.54.0-win32-x64\jre\21.0.10-win32-x86_64\bin\instrument.dll
Event: 3.435 Loaded shared library C:\Users\aidad\.vscode\extensions\redhat.java-1.54.0-win32-x64\jre\21.0.10-win32-x86_64\bin\net.dll
Event: 3.447 Loaded shared library C:\Users\aidad\.vscode\extensions\redhat.java-1.54.0-win32-x64\jre\21.0.10-win32-x86_64\bin\nio.dll
Event: 3.454 Loaded shared library C:\Users\aidad\.vscode\extensions\redhat.java-1.54.0-win32-x64\jre\21.0.10-win32-x86_64\bin\zip.dll
Event: 3.800 Loaded shared library C:\Users\aidad\.vscode\extensions\redhat.java-1.54.0-win32-x64\jre\21.0.10-win32-x86_64\bin\jimage.dll
Event: 6.290 Loaded shared library c:\Users\aidad\.vscode\extensions\redhat.java-1.54.0-win32-x64\jre\21.0.10-win32-x86_64\bin\verify.dll
Event: 23.541 Loaded shared library C:\Users\aidad\AppData\Roaming\Code\User\globalStorage\redhat.java\1.54.0\config_win\org.eclipse.equinox.launcher\org.eclipse.equinox.launcher.win32.win32.x86_64_1.3.0.v20260203-2149\eclipse_11919.dll
Event: 34.715 Loaded shared library C:\Users\aidad\AppData\Local\Temp\jna-92808799\jna12915911738042289399.dll

Deoptimization events (20 events):
Event: 842.644 Thread 0x0000022806ad61b0 Uncommon trap: trap_request=0xffffffde fr.pc=0x000002283207db1c relative=0x000000000000177c
Event: 842.644 Thread 0x0000022806ad61b0 Uncommon trap: reason=class_check action=maybe_recompile pc=0x000002283207db1c method=org.eclipse.jdt.internal.compiler.lookup.Scope$Substitutor.substitute(Lorg/eclipse/jdt/internal/compiler/lookup/Substitution;Lorg/eclipse/jdt/internal/compiler/lookup/Ty
Event: 842.645 Thread 0x0000022806ad61b0 DEOPT PACKING pc=0x000002283207db1c sp=0x000000b453cfda10
Event: 842.645 Thread 0x0000022806ad61b0 DEOPT UNPACKING pc=0x0000022831093aa2 sp=0x000000b453cfd9c0 mode 2
Event: 842.647 Thread 0x0000022806ad61b0 Uncommon trap: trap_request=0xffffff45 fr.pc=0x000002283226f458 relative=0x0000000000000c18
Event: 842.647 Thread 0x0000022806ad61b0 Uncommon trap: reason=unstable_if action=reinterpret pc=0x000002283226f458 method=org.eclipse.jdt.internal.core.NameLookup.acceptType(Lorg/eclipse/jdt/core/IType;IZ)Z @ 7 c2
Event: 842.647 Thread 0x0000022806ad61b0 DEOPT PACKING pc=0x000002283226f458 sp=0x000000b453cfd890
Event: 842.647 Thread 0x0000022806ad61b0 DEOPT UNPACKING pc=0x0000022831093aa2 sp=0x000000b453cfd770 mode 2
Event: 842.647 Thread 0x0000022806ad61b0 Uncommon trap: trap_request=0xffffff45 fr.pc=0x000002283225d1e4 relative=0x00000000000015e4
Event: 842.647 Thread 0x0000022806ad61b0 Uncommon trap: reason=unstable_if action=reinterpret pc=0x000002283225d1e4 method=org.eclipse.jdt.internal.core.NameLookup.findType(Ljava/lang/String;Ljava/lang/String;ZIZZZLorg/eclipse/core/runtime/IProgressMonitor;[Lorg/eclipse/jdt/core/IPackageFragment
Event: 842.647 Thread 0x0000022806ad61b0 DEOPT PACKING pc=0x000002283225d1e4 sp=0x000000b453cfd9d0
Event: 842.647 Thread 0x0000022806ad61b0 DEOPT UNPACKING pc=0x0000022831093aa2 sp=0x000000b453cfd990 mode 2
Event: 843.701 Thread 0x0000022806ad61b0 Uncommon trap: trap_request=0xffffff45 fr.pc=0x00000228315da3c8 relative=0x00000000000000a8
Event: 843.702 Thread 0x0000022806ad61b0 Uncommon trap: reason=unstable_if action=reinterpret pc=0x00000228315da3c8 method=java.lang.String.isLatin1()Z @ 10 c2
Event: 843.702 Thread 0x0000022806ad61b0 DEOPT PACKING pc=0x00000228315da3c8 sp=0x000000b453cfd7e0
Event: 843.702 Thread 0x0000022806ad61b0 DEOPT UNPACKING pc=0x0000022831093aa2 sp=0x000000b453cfd710 mode 2
Event: 849.864 Thread 0x0000022806ad61b0 Uncommon trap: trap_request=0xffffffc6 fr.pc=0x0000022832321d9c relative=0x0000000000000c1c
Event: 849.864 Thread 0x0000022806ad61b0 Uncommon trap: reason=bimorphic_or_optimized_type_check action=maybe_recompile pc=0x0000022832321d9c method=java.util.stream.ReferencePipeline.toArray(Ljava/util/function/IntFunction;)[Ljava/lang/Object; @ 12 c2
Event: 849.864 Thread 0x0000022806ad61b0 DEOPT PACKING pc=0x0000022832321d9c sp=0x000000b453cff290
Event: 849.864 Thread 0x0000022806ad61b0 DEOPT UNPACKING pc=0x0000022831093aa2 sp=0x000000b453cff270 mode 2

Classes loaded (20 events):
Event: 511.476 Loading class java/util/stream/Nodes$ConcNode
Event: 511.491 Loading class java/util/stream/Nodes$AbstractConcNode
Event: 511.567 Loading class java/util/stream/Nodes$AbstractConcNode done
Event: 511.567 Loading class java/util/stream/Nodes$ConcNode done
Event: 514.080 Loading class java/util/stream/Nodes$ToArrayTask$OfRef
Event: 514.154 Loading class java/util/stream/Nodes$ToArrayTask
Event: 514.456 Loading class java/util/stream/Nodes$ToArrayTask done
Event: 514.456 Loading class java/util/stream/Nodes$ToArrayTask$OfRef done
Event: 515.748 Loading class java/io/ObjectOutputStream$BlockDataOutputStream
Event: 516.684 Loading class java/io/ObjectOutputStream$BlockDataOutputStream done
Event: 516.788 Loading class java/io/ObjectOutputStream$HandleTable
Event: 516.896 Loading class java/io/ObjectOutputStream$HandleTable done
Event: 516.897 Loading class java/io/ObjectOutputStream$ReplaceTable
Event: 516.902 Loading class java/io/ObjectOutputStream$ReplaceTable done
Event: 566.265 Loading class java/lang/StringLatin1$LinesSpliterator
Event: 566.688 Loading class java/lang/StringLatin1$LinesSpliterator done
Event: 843.401 Loading class java/util/function/IntPredicate
Event: 843.403 Loading class java/util/function/IntPredicate done
Event: 843.695 Loading class java/util/regex/Pattern$Bound
Event: 843.695 Loading class java/util/regex/Pattern$Bound done

Classes unloaded (7 events):
Event: 41.304 Thread 0x000002282539cf60 Unloading class 0x000002283f1ad000 'java/lang/invoke/LambdaForm$MH+0x000002283f1ad000'
Event: 41.304 Thread 0x000002282539cf60 Unloading class 0x000002283f1acc00 'java/lang/invoke/LambdaForm$MH+0x000002283f1acc00'
Event: 41.304 Thread 0x000002282539cf60 Unloading class 0x000002283f1ac800 'java/lang/invoke/LambdaForm$MH+0x000002283f1ac800'
Event: 41.304 Thread 0x000002282539cf60 Unloading class 0x000002283f1ac400 'java/lang/invoke/LambdaForm$MH+0x000002283f1ac400'
Event: 41.304 Thread 0x000002282539cf60 Unloading class 0x000002283f1ac000 'java/lang/invoke/LambdaForm$BMH+0x000002283f1ac000'
Event: 41.304 Thread 0x000002282539cf60 Unloading class 0x000002283f1abc00 'java/lang/invoke/LambdaForm$DMH+0x000002283f1abc00'
Event: 41.304 Thread 0x000002282539cf60 Unloading class 0x000002283f1aa800 'java/lang/invoke/LambdaForm$DMH+0x000002283f1aa800'

Classes redefined (0 events):
No events

Internal exceptions (20 events):
Event: 596.770 Thread 0x0000022806ad4770 Implicit null exception at 0x000002282afb611b to 0x000002282afb99a3
Event: 596.770 Thread 0x0000022806ad4770 Exception <a 'java/lang/NullPointerException'{0x00000000d57742a0}> (0x00000000d57742a0) 
thrown [s\src\hotspot\share\runtime\sharedRuntime.cpp, line 625]
Event: 596.860 Thread 0x0000022806ad4770 Implicit null exception at 0x000002282afb611b to 0x000002282afb99a3
Event: 596.860 Thread 0x0000022806ad4770 Exception <a 'java/lang/NullPointerException'{0x00000000d559e430}> (0x00000000d559e430) 
thrown [s\src\hotspot\share\runtime\sharedRuntime.cpp, line 625]
Event: 596.869 Thread 0x0000022806ad4770 Implicit null exception at 0x000002282afb611b to 0x000002282afb99a3
Event: 596.869 Thread 0x0000022806ad4770 Exception <a 'java/lang/NullPointerException'{0x00000000d5629ba0}> (0x00000000d5629ba0) 
thrown [s\src\hotspot\share\runtime\sharedRuntime.cpp, line 625]
Event: 596.875 Thread 0x0000022806ad4770 Implicit null exception at 0x000002282baa8058 to 0x000002282baa8c6f
Event: 596.875 Thread 0x0000022806ad4770 Exception <a 'java/lang/NullPointerException'{0x00000000d56a6c10}> (0x00000000d56a6c10) 
thrown [s\src\hotspot\share\runtime\sharedRuntime.cpp, line 625]
Event: 596.875 Thread 0x0000022806ad4770 Implicit null exception at 0x000002282baa8058 to 0x000002282baa8c6f
Event: 596.875 Thread 0x0000022806ad4770 Exception <a 'java/lang/NullPointerException'{0x00000000d56c3230}> (0x00000000d56c3230) 
thrown [s\src\hotspot\share\runtime\sharedRuntime.cpp, line 625]
Event: 821.351 Thread 0x000002280632ef20 Exception <a 'java/lang/IncompatibleClassChangeError'{0x00000000d5800c10}: Found class java.lang.Object, but interface was expected> (0x00000000d5800c10) 
thrown [s\src\hotspot\share\interpreter\linkResolver.cpp, line 840]
Event: 821.522 Thread 0x000002280632ef20 Exception <a 'java/lang/IncompatibleClassChangeError'{0x00000000d5672700}: Found class java.lang.Object, but interface was expected> (0x00000000d5672700) 
thrown [s\src\hotspot\share\interpreter\linkResolver.cpp, line 840]
Event: 825.700 Thread 0x000002287f459c70 Exception <a 'sun/nio/fs/WindowsException'{0x00000000d5582808}> (0x00000000d5582808) 
thrown [s\src\hotspot\share\prims\jni.cpp, line 520]
Event: 826.965 Thread 0x0000022806330ff0 Exception <a 'java/lang/ArrayIndexOutOfBoundsException'{0x00000000d5805218}: Index 21776 out of bounds for length 0> (0x00000000d5805218) 
thrown [s\src\hotspot\share\interpreter\interpreterRuntime.cpp, line 439]
Event: 826.983 Thread 0x000002287f459c70 Exception <a 'sun/nio/fs/WindowsException'{0x00000000d56fc0c0}> (0x00000000d56fc0c0) 
thrown [s\src\hotspot\share\prims\jni.cpp, line 520]
Event: 835.817 Thread 0x000002287f459c70 Exception <a 'sun/nio/fs/WindowsException'{0x00000000d5795460}> (0x00000000d5795460) 
thrown [s\src\hotspot\share\prims\jni.cpp, line 520]
Event: 836.047 Thread 0x000002287f459c70 Exception <a 'sun/nio/fs/WindowsException'{0x00000000d586a830}> (0x00000000d586a830) 
thrown [s\src\hotspot\share\prims\jni.cpp, line 520]
Event: 843.406 Thread 0x0000022806ad61b0 Exception <a 'java/lang/NoSuchMethodError'{0x00000000d56b3ab8}: 'int java.lang.invoke.DirectMethodHandle$Holder.invokeStaticInit(java.lang.Object, int)'> (0x00000000d56b3ab8) 
thrown [s\src\hotspot\share\interpreter\linkResolver.cpp, line 773]
Event: 849.790 Thread 0x0000022806ad4770 Exception <a 'sun/nio/fs/WindowsException'{0x00000000d558c1c8}> (0x00000000d558c1c8) 
thrown [s\src\hotspot\share\prims\jni.cpp, line 520]
Event: 849.797 Thread 0x0000022806ad4770 Exception <a 'sun/nio/fs/WindowsException'{0x00000000d558cb90}> (0x00000000d558cb90) 
thrown [s\src\hotspot\share\prims\jni.cpp, line 520]

ZGC Phase Switch (0 events):
No events

VM Operations (20 events):
Event: 842.614 Executing non-safepoint VM operation: HandshakeAllThreads (Deoptimize)
Event: 842.614 Executing non-safepoint VM operation: HandshakeAllThreads (Deoptimize) done
Event: 842.633 Executing non-safepoint VM operation: HandshakeAllThreads (Deoptimize)
Event: 842.633 Executing non-safepoint VM operation: HandshakeAllThreads (Deoptimize) done
Event: 842.644 Executing non-safepoint VM operation: HandshakeAllThreads (Deoptimize)
Event: 842.644 Executing non-safepoint VM operation: HandshakeAllThreads (Deoptimize) done
Event: 843.258 Executing safepoint VM operation: ParallelGCFailedAllocation (Allocation Failure)
Event: 843.270 Executing safepoint VM operation: ParallelGCFailedAllocation (Allocation Failure) done
Event: 844.271 Executing safepoint VM operation: Cleanup
Event: 844.273 Executing safepoint VM operation: Cleanup done
Event: 849.637 Executing safepoint VM operation: ParallelGCFailedAllocation (Allocation Failure)
Event: 849.661 Executing safepoint VM operation: ParallelGCFailedAllocation (Allocation Failure) done
Event: 850.664 Executing safepoint VM operation: Cleanup
Event: 850.784 Executing safepoint VM operation: Cleanup done
Event: 868.021 Executing safepoint VM operation: Cleanup
Event: 868.026 Executing safepoint VM operation: Cleanup done
Event: 902.554 Executing non-safepoint VM operation: HandshakeAllThreads (HandshakeForDeflation)
Event: 902.558 Executing non-safepoint VM operation: HandshakeAllThreads (HandshakeForDeflation) done
Event: 902.559 Executing non-safepoint VM operation: RendezvousGCThreads
Event: 902.559 Executing non-safepoint VM operation: RendezvousGCThreads done

Memory protections (0 events):
No events

Nmethod flushes (20 events):
Event: 257.874 Thread 0x000002282539cf60 flushing  nmethod 0x000002282a3e6f90
Event: 257.874 Thread 0x000002282539cf60 flushing osr nmethod 0x000002282a407790
Event: 257.874 Thread 0x000002282539cf60 flushing  nmethod 0x000002282a40b010
Event: 257.874 Thread 0x000002282539cf60 flushing  nmethod 0x000002282a40cf10
Event: 257.874 Thread 0x000002282539cf60 flushing  nmethod 0x000002282a40fe10
Event: 257.874 Thread 0x000002282539cf60 flushing  nmethod 0x000002282a410f10
Event: 257.874 Thread 0x000002282539cf60 flushing  nmethod 0x000002282a414810
Event: 257.874 Thread 0x000002282539cf60 flushing  nmethod 0x000002282a429b90
Event: 257.874 Thread 0x000002282539cf60 flushing  nmethod 0x000002282a45cb90
Event: 257.874 Thread 0x000002282539cf60 flushing  nmethod 0x000002282a465e10
Event: 257.874 Thread 0x000002282539cf60 flushing  nmethod 0x000002282a466190
Event: 257.874 Thread 0x000002282539cf60 flushing  nmethod 0x000002282a466510
Event: 257.874 Thread 0x000002282539cf60 flushing  nmethod 0x000002282a471a10
Event: 257.874 Thread 0x000002282539cf60 flushing  nmethod 0x000002282a485f90
Event: 257.874 Thread 0x000002282539cf60 flushing  nmethod 0x000002282a494390
Event: 257.874 Thread 0x000002282539cf60 flushing  nmethod 0x000002282a498690
Event: 257.874 Thread 0x000002282539cf60 flushing  nmethod 0x000002282a4e6e10
Event: 257.874 Thread 0x000002282539cf60 flushing  nmethod 0x000002282a4e7d90
Event: 257.874 Thread 0x000002282539cf60 flushing  nmethod 0x000002282a4e8490
Event: 257.874 Thread 0x000002282539cf60 flushing  nmethod 0x000002282a4e8a90

Events (20 events):
Event: 836.619 Thread 0x000002280632ef20 Thread added: 0x0000022806ad61b0
Event: 836.898 Thread 0x0000022806ad61b0 Thread exited: 0x0000022806ad61b0
Event: 837.648 Thread 0x000002280632ef20 Thread added: 0x0000022806ad7bf0
Event: 837.698 Thread 0x0000022806ad7bf0 Thread exited: 0x0000022806ad7bf0
Event: 837.942 Thread 0x000002280632ef20 Thread added: 0x0000022806ad7bf0
Event: 838.002 Thread 0x0000022806ad7bf0 Thread exited: 0x0000022806ad7bf0
Event: 838.345 Thread 0x000002280632ef20 Thread added: 0x0000022806ad61b0
Event: 838.658 Thread 0x0000022806ad61b0 Thread exited: 0x0000022806ad61b0
Event: 840.090 Thread 0x000002280632ef20 Thread added: 0x0000022806ad7bf0
Event: 841.045 Thread 0x0000022806ad7bf0 Thread exited: 0x0000022806ad7bf0
Event: 841.206 Thread 0x000002280632ef20 Thread added: 0x0000022806ad61b0
Event: 843.894 Thread 0x0000022806ad61b0 Thread exited: 0x0000022806ad61b0
Event: 849.614 Thread 0x0000022806ad4770 Thread added: 0x0000022806ad61b0
Event: 849.673 Thread 0x0000022806ad61b0 Thread exited: 0x0000022806ad61b0
Event: 849.818 Thread 0x0000022806ad4770 Thread added: 0x0000022806ad61b0
Event: 849.864 Thread 0x0000022806ad61b0 Thread exited: 0x0000022806ad61b0
Event: 866.801 Thread 0x000002280632ef20 Thread added: 0x0000022806ad61b0
Event: 867.200 Thread 0x0000022806ad61b0 Thread exited: 0x0000022806ad61b0
Event: 899.051 Thread 0x000002280632fc40 Thread exited: 0x000002280632fc40
Event: 909.463 Thread 0x0000022806ad6ed0 Thread exited: 0x0000022806ad6ed0


Dynamic libraries:
0x00007ff703520000 - 0x00007ff70352e000 	c:\Users\aidad\.vscode\extensions\redhat.java-1.54.0-win32-x64\jre\21.0.10-win32-x86_64\bin\java.exe
0x00007fffca5a0000 - 0x00007fffca807000 	C:\WINDOWS\SYSTEM32\ntdll.dll
0x00007fffc90c0000 - 0x00007fffc9189000 	C:\WINDOWS\System32\KERNEL32.DLL
0x00007fffc7a70000 - 0x00007fffc7e67000 	C:\WINDOWS\System32\KERNELBASE.dll
0x00007fffc7870000 - 0x00007fffc79bb000 	C:\WINDOWS\System32\ucrtbase.dll
0x00007fff91ee0000 - 0x00007fff91ef8000 	c:\Users\aidad\.vscode\extensions\redhat.java-1.54.0-win32-x64\jre\21.0.10-win32-x86_64\bin\jli.dll
0x00007fffc9f60000 - 0x00007fffca126000 	C:\WINDOWS\System32\USER32.dll
0x00007fffc7840000 - 0x00007fffc7867000 	C:\WINDOWS\System32\win32u.dll
0x00007fffc84d0000 - 0x00007fffc84fb000 	C:\WINDOWS\System32\GDI32.dll
0x00007fffc80a0000 - 0x00007fffc81cc000 	C:\WINDOWS\System32\gdi32full.dll
0x00007fffc7ff0000 - 0x00007fffc8093000 	C:\WINDOWS\System32\msvcp_win.dll
0x00007fff91bd0000 - 0x00007fff91bee000 	c:\Users\aidad\.vscode\extensions\redhat.java-1.54.0-win32-x64\jre\21.0.10-win32-x86_64\bin\VCRUNTIME140.dll
0x00007fffb1870000 - 0x00007fffb1b02000 	C:\WINDOWS\WinSxS\amd64_microsoft.windows.common-controls_6595b64144ccf1df_6.0.26100.8457_none_3e0b2faee331e92d\COMCTL32.dll
0x00007fffc9190000 - 0x00007fffc9239000 	C:\WINDOWS\System32\msvcrt.dll
0x00007fffc9240000 - 0x00007fffc9272000 	C:\WINDOWS\System32\IMM32.DLL
0x00007fffa6b40000 - 0x00007fffa6b4c000 	c:\Users\aidad\.vscode\extensions\redhat.java-1.54.0-win32-x64\jre\21.0.10-win32-x86_64\bin\vcruntime140_1.dll
0x00007fff8a0d0000 - 0x00007fff8a15d000 	c:\Users\aidad\.vscode\extensions\redhat.java-1.54.0-win32-x64\jre\21.0.10-win32-x86_64\bin\msvcp140.dll
0x00007fff2db20000 - 0x00007fff2e8c1000 	c:\Users\aidad\.vscode\extensions\redhat.java-1.54.0-win32-x64\jre\21.0.10-win32-x86_64\bin\server\jvm.dll
0x00007fffc9e00000 - 0x00007fffc9eb6000 	C:\WINDOWS\System32\ADVAPI32.dll
0x00007fffc8980000 - 0x00007fffc8a27000 	C:\WINDOWS\System32\sechost.dll
0x00007fffc86a0000 - 0x00007fffc87b8000 	C:\WINDOWS\System32\RPCRT4.dll
0x00007fffca4c0000 - 0x00007fffca540000 	C:\WINDOWS\System32\WS2_32.dll
0x00007fffc6e30000 - 0x00007fffc6e8e000 	C:\WINDOWS\SYSTEM32\POWRPROF.dll
0x00007fffc1790000 - 0x00007fffc17c6000 	C:\WINDOWS\SYSTEM32\WINMM.dll
0x00007fffc17d0000 - 0x00007fffc17db000 	C:\WINDOWS\SYSTEM32\VERSION.dll
0x00007fffc6e10000 - 0x00007fffc6e24000 	C:\WINDOWS\SYSTEM32\UMPDC.dll
0x00007fffc5d60000 - 0x00007fffc5d7b000 	C:\WINDOWS\SYSTEM32\kernel.appcore.dll
0x00007fffa27b0000 - 0x00007fffa27ba000 	c:\Users\aidad\.vscode\extensions\redhat.java-1.54.0-win32-x64\jre\21.0.10-win32-x86_64\bin\jimage.dll
0x00007fffc51e0000 - 0x00007fffc5422000 	C:\WINDOWS\SYSTEM32\DBGHELP.DLL
0x00007fffca130000 - 0x00007fffca4b3000 	C:\WINDOWS\System32\combase.dll
0x00007fffc94f0000 - 0x00007fffc95c9000 	C:\WINDOWS\System32\OLEAUT32.dll
0x00007fff9d830000 - 0x00007fff9d86b000 	C:\WINDOWS\SYSTEM32\dbgcore.DLL
0x00007fffc79c0000 - 0x00007fffc7a68000 	C:\WINDOWS\System32\bcryptPrimitives.dll
0x00007fff9fea0000 - 0x00007fff9feaf000 	c:\Users\aidad\.vscode\extensions\redhat.java-1.54.0-win32-x64\jre\21.0.10-win32-x86_64\bin\instrument.dll
0x00007fff8e6f0000 - 0x00007fff8e710000 	c:\Users\aidad\.vscode\extensions\redhat.java-1.54.0-win32-x64\jre\21.0.10-win32-x86_64\bin\java.dll
0x00007fffc95d0000 - 0x00007fffc9d3e000 	C:\WINDOWS\System32\SHELL32.dll
0x00007fffc6fd0000 - 0x00007fffc783c000 	C:\WINDOWS\System32\windows.storage.dll
0x00007fffc92e0000 - 0x00007fffc93d6000 	C:\WINDOWS\System32\SHCORE.dll
0x00007fffc8850000 - 0x00007fffc88b6000 	C:\WINDOWS\System32\shlwapi.dll
0x00007fffc6ef0000 - 0x00007fffc6f19000 	C:\WINDOWS\SYSTEM32\profapi.dll
0x00007fff8e3e0000 - 0x00007fff8e3f8000 	c:\Users\aidad\.vscode\extensions\redhat.java-1.54.0-win32-x64\jre\21.0.10-win32-x86_64\bin\zip.dll
0x00007fffa2760000 - 0x00007fffa2770000 	C:\Users\aidad\.vscode\extensions\redhat.java-1.54.0-win32-x64\jre\21.0.10-win32-x86_64\bin\net.dll
0x00007fffbbbf0000 - 0x00007fffbbd19000 	C:\WINDOWS\SYSTEM32\WINHTTP.dll
0x00007fffc62d0000 - 0x00007fffc633c000 	C:\WINDOWS\system32\mswsock.dll
0x00007fff8a720000 - 0x00007fff8a736000 	C:\Users\aidad\.vscode\extensions\redhat.java-1.54.0-win32-x64\jre\21.0.10-win32-x86_64\bin\nio.dll
0x00007fff9fa00000 - 0x00007fff9fa10000 	c:\Users\aidad\.vscode\extensions\redhat.java-1.54.0-win32-x64\jre\21.0.10-win32-x86_64\bin\verify.dll
0x00007fff73c10000 - 0x00007fff73c55000 	C:\Users\aidad\AppData\Roaming\Code\User\globalStorage\redhat.java\1.54.0\config_win\org.eclipse.equinox.launcher\org.eclipse.equinox.launcher.win32.win32.x86_64_1.3.0.v20260203-2149\eclipse_11919.dll
0x00007fffc8500000 - 0x00007fffc8697000 	C:\WINDOWS\System32\ole32.dll
0x00007fffc65b0000 - 0x00007fffc65cb000 	C:\WINDOWS\SYSTEM32\CRYPTSP.dll
0x00007fffc5cc0000 - 0x00007fffc5cf9000 	C:\WINDOWS\system32\rsaenh.dll
0x00007fffc6380000 - 0x00007fffc63b3000 	C:\WINDOWS\SYSTEM32\USERENV.dll
0x00007fffc6ec0000 - 0x00007fffc6eea000 	C:\WINDOWS\SYSTEM32\bcrypt.dll
0x00007fffc65d0000 - 0x00007fffc65dc000 	C:\WINDOWS\SYSTEM32\CRYPTBASE.dll
0x00007fffc5820000 - 0x00007fffc5852000 	C:\WINDOWS\SYSTEM32\IPHLPAPI.DLL
0x00007fffca550000 - 0x00007fffca55a000 	C:\WINDOWS\System32\NSI.dll
0x00007fff90e80000 - 0x00007fff90ec9000 	C:\Users\aidad\AppData\Local\Temp\jna-92808799\jna12915911738042289399.dll
0x00007fffc8840000 - 0x00007fffc8848000 	C:\WINDOWS\System32\PSAPI.DLL
0x00007fffbbb90000 - 0x00007fffbbbad000 	C:\WINDOWS\SYSTEM32\dhcpcsvc6.DLL
0x00007fffbbb60000 - 0x00007fffbbb85000 	C:\WINDOWS\SYSTEM32\dhcpcsvc.DLL

JVMTI agents:
c:\Users\aidad\.vscode\extensions\redhat.java-1.54.0-win32-x64\lombok\lombok-1.18.39-4050.jar path:c:\Users\aidad\.vscode\extensions\redhat.java-1.54.0-win32-x64\jre\21.0.10-win32-x86_64\bin\instrument.dll, loaded, initialized, instrumentlib options:none

dbghelp: loaded successfully - version: 4.0.5 - missing functions: none
symbol engine: initialized successfully - sym options: 0x614 - pdb path: .;c:\Users\aidad\.vscode\extensions\redhat.java-1.54.0-win32-x64\jre\21.0.10-win32-x86_64\bin;C:\WINDOWS\SYSTEM32;C:\WINDOWS\WinSxS\amd64_microsoft.windows.common-controls_6595b64144ccf1df_6.0.26100.8457_none_3e0b2faee331e92d;c:\Users\aidad\.vscode\extensions\redhat.java-1.54.0-win32-x64\jre\21.0.10-win32-x86_64\bin\server;C:\Users\aidad\AppData\Roaming\Code\User\globalStorage\redhat.java\1.54.0\config_win\org.eclipse.equinox.launcher\org.eclipse.equinox.launcher.win32.win32.x86_64_1.3.0.v20260203-2149;C:\Users\aidad\AppData\Local\Temp\jna-92808799

VM Arguments:
jvm_args: --add-modules=ALL-SYSTEM --add-opens=java.base/java.util=ALL-UNNAMED --add-opens=java.base/java.lang=ALL-UNNAMED --add-opens=java.base/sun.nio.fs=ALL-UNNAMED -Declipse.application=org.eclipse.jdt.ls.core.id1 -Dosgi.bundles.defaultStartLevel=4 -Declipse.product=org.eclipse.jdt.ls.core.product -Djava.import.generatesMetadataFilesAtProjectRoot=false -DDetectVMInstallationsJob.disabled=true -Dfile.encoding=utf8 -XX:+UseParallelGC -XX:GCTimeRatio=4 -XX:AdaptiveSizePolicyWeight=90 -Dsun.zip.disableMemoryMapping=true -Xmx2G -Xms100m -Xlog:disable -javaagent:c:\Users\aidad\.vscode\extensions\redhat.java-1.54.0-win32-x64\lombok\lombok-1.18.39-4050.jar -XX:+HeapDumpOnOutOfMemoryError -XX:HeapDumpPath=c:\Users\aidad\AppData\Roaming\Code\User\workspaceStorage\d211727bd897d708d62249b149b39ef9\redhat.java -Daether.dependencyCollector.impl=bf 
java_command: c:\Users\aidad\.vscode\extensions\redhat.java-1.54.0-win32-x64\server\plugins\org.eclipse.equinox.launcher_1.7.100.v20251111-0406.jar -configuration c:\Users\aidad\AppData\Roaming\Code\User\globalStorage\redhat.java\1.54.0\config_win -data c:\Users\aidad\AppData\Roaming\Code\User\workspaceStorage\d211727bd897d708d62249b149b39ef9\redhat.java\jdt_ws --pipe=\\.\pipe\lsp-0a7c19d2934e22738b87aa0b51a4f947-sock
java_class_path (initial): c:\Users\aidad\.vscode\extensions\redhat.java-1.54.0-win32-x64\server\plugins\org.eclipse.equinox.launcher_1.7.100.v20251111-0406.jar
Launcher Type: SUN_STANDARD

[Global flags]
    uintx AdaptiveSizePolicyWeight                 = 90                                        {product} {command line}
     intx CICompilerCount                          = 2                                         {product} {ergonomic}
    uintx GCTimeRatio                              = 4                                         {product} {command line}
     bool HeapDumpOnOutOfMemoryError               = true                                   {manageable} {command line}
    ccstr HeapDumpPath                             = c:\Users\aidad\AppData\Roaming\Code\User\workspaceStorage\d211727bd897d708d62249b149b39ef9\redhat.java         {manageable} {command line}
   size_t InitialHeapSize                          = 104857600                                 {product} {command line}
   size_t MaxHeapSize                              = 2147483648                                {product} {command line}
   size_t MaxNewSize                               = 715653120                                 {product} {ergonomic}
   size_t MinHeapDeltaBytes                        = 524288                                    {product} {ergonomic}
   size_t MinHeapSize                              = 104857600                                 {product} {command line}
   size_t NewSize                                  = 34603008                                  {product} {ergonomic}
    uintx NonNMethodCodeHeapSize                   = 5826188                                {pd product} {ergonomic}
    uintx NonProfiledCodeHeapSize                  = 122916026                              {pd product} {ergonomic}
   size_t OldSize                                  = 70254592                                  {product} {ergonomic}
    uintx ProfiledCodeHeapSize                     = 122916026                              {pd product} {ergonomic}
    uintx ReservedCodeCacheSize                    = 251658240                              {pd product} {ergonomic}
     bool SegmentedCodeCache                       = true                                      {product} {ergonomic}
   size_t SoftMaxHeapSize                          = 2147483648                             {manageable} {ergonomic}
     bool UseCompressedOops                        = true                           {product lp64_product} {ergonomic}
     bool UseLargePagesIndividualAllocation        = false                                  {pd product} {ergonomic}
     bool UseParallelGC                            = true                                      {product} {command line}

Logging:
Log output configuration:
 #0: stdout all=off uptime,level,tags foldmultilines=false
 #1: stderr all=off uptime,level,tags foldmultilines=false

Release file:
JAVA_VERSION="21.0.10" 
MODULES="java.base java.compiler java.datatransfer java.xml java.prefs java.desktop java.instrument java.logging java.management java.security.sasl java.naming java.rmi java.management.rmi java.net.http java.scripting java.security.jgss java.transaction.xa java.sql java.sql.rowset java.xml.crypto java.se java.smartcardio jdk.accessibility jdk.internal.jvmstat jdk.attach jdk.charsets jdk.internal.opt jdk.zipfs jdk.compiler jdk.crypto.ec jdk.crypto.cryptoki jdk.crypto.mscapi jdk.dynalink jdk.internal.ed jdk.editpad jdk.hotspot.agent jdk.httpserver jdk.internal.le jdk.internal.vm.ci jdk.internal.vm.compiler jdk.internal.vm.compiler.management jdk.jartool jdk.javadoc jdk.jcmd jdk.management jdk.management.agent jdk.jconsole jdk.jdeps jdk.jdwp.agent jdk.jdi jdk.jfr jdk.jshell jdk.jsobject jdk.jstatd jdk.localedata jdk.management.jfr jdk.naming.dns jdk.naming.rmi jdk.net jdk.nio.mapmode jdk.random jdk.sctp jdk.security.auth jdk.security.jgss jdk.unsupported jdk.unsupported.desktop jdk.xml.dom" 

Environment Variables:
JAVA_HOME=C:\Program Files\Eclipse Adoptium\jdk-21.0.10.7-hotspot\
PATH=C:\Program Files\Eclipse Adoptium\jdk-21.0.10.7-hotspot\bin;C:\WINDOWS\system32;C:\WINDOWS;C:\WINDOWS\System32\Wbem;C:\WINDOWS\System32\WindowsPowerShell\v1.0\;C:\WINDOWS\System32\OpenSSH\;C:\Program Files\Git\cmd;C:\Users\aidad\AppData\Local\Programs\Python\Python313-32\Scripts\;C:\Users\aidad\AppData\Local\Programs\Python\Python313-32\;C:\Users\aidad\AppData\Local\Programs\Python\Launcher\;C:\Users\aidad\AppData\Local\Microsoft\WindowsApps;C:\Users\aidad\AppData\Local\Programs\Microsoft VS Code\bin
USERNAME=aidad
OS=Windows_NT
PROCESSOR_IDENTIFIER=AMD64 Family 23 Model 24 Stepping 1, AuthenticAMD
TMP=C:\Users\aidad\AppData\Local\Temp
TEMP=C:\Users\aidad\AppData\Local\Temp




Periodic native trim disabled

---------------  S Y S T E M  ---------------

OS:
 Windows 11 , 64 bit Build 26100 (10.0.26100.8328)
OS uptime: 5 days 5:39 hours

CPU: total 2 (initial active 2) (2 cores per cpu, 1 threads per core) family 23 model 24 stepping 1 microcode 0x8108109, cx8, cmov, fxsr, mmx, 3dnowpref, sse, sse2, sse3, ssse3, sse4a, sse4.1, sse4.2, popcnt, lzcnt, tsc, tscinvbit, avx, avx2, aes, clmul, bmi1, bmi2, adx, sha, fma, vzeroupper, clflush, clflushopt, rdtscp, f16c
Processor Information for the first 2 processors :
  Max Mhz: 2300, Current Mhz: 2300, Mhz Limit: 2300

Memory: 4k page, system-wide physical 3460M (199M free)
TotalPageFile size 14212M (AvailPageFile size 37M)
current process WorkingSet (physical memory assigned to process): 9M, peak: 285M
current process commit charge ("private bytes"): 572M, peak: 573M

vm_info: OpenJDK 64-Bit Server VM (21.0.10+7-LTS) for windows-amd64 JRE (21.0.10+7-LTS), built on 2026-01-20T00:00:00Z by "admin" with MS VC++ 17.12 (VS2022)

END.
