#
# There is insufficient memory for the Java Runtime Environment to continue.
# Native memory allocation (malloc) failed to allocate 32744 bytes. Error detail: Chunk::new
# Possible reasons:
#   The system is out of physical RAM or swap space
#   This process is running with CompressedOops enabled, and the Java Heap may be blocking the growth of the native heap
# Possible solutions:
#   Reduce memory load on the system
#   Increase physical memory or swap space
#   Check if swap backing store is full
#   Decrease Java heap size (-Xmx/-Xms)
#   Decrease number of Java threads
#   Decrease Java thread stack sizes (-Xss)
#   Set larger code cache with -XX:ReservedCodeCacheSize=
#   JVM is running with Unscaled Compressed Oops mode in which the Java heap is
#     placed in the first 4GB address space. The Java Heap base address is the
#     maximum limit for the native heap growth. Please use -XX:HeapBaseMinAddress
#     to set the Java Heap base and to place the Java Heap above 4GB virtual address.
# This output file may be truncated or incomplete.
#
#  Out of Memory Error (arena.cpp:168), pid=13340, tid=14988
#
# JRE version: OpenJDK Runtime Environment Temurin-21.0.10+7 (21.0.10+7) (build 21.0.10+7-LTS)
# Java VM: OpenJDK 64-Bit Server VM Temurin-21.0.10+7 (21.0.10+7-LTS, mixed mode, sharing, tiered, compressed oops, compressed class ptrs, parallel gc, windows-amd64)
# No core dump will be written. Minidumps are not enabled by default on client versions of Windows
#

---------------  S U M M A R Y ------------

Command Line: --add-modules=ALL-SYSTEM --add-opens=java.base/java.util=ALL-UNNAMED --add-opens=java.base/java.lang=ALL-UNNAMED --add-opens=java.base/sun.nio.fs=ALL-UNNAMED -Declipse.application=org.eclipse.jdt.ls.core.id1 -Dosgi.bundles.defaultStartLevel=4 -Declipse.product=org.eclipse.jdt.ls.core.product -Djava.import.generatesMetadataFilesAtProjectRoot=false -DDetectVMInstallationsJob.disabled=true -Dfile.encoding=utf8 -XX:+UseParallelGC -XX:GCTimeRatio=4 -XX:AdaptiveSizePolicyWeight=90 -Dsun.zip.disableMemoryMapping=true -Xmx2G -Xms100m -Xlog:disable -javaagent:c:\Users\aidad\.vscode\extensions\redhat.java-1.54.0-win32-x64\lombok\lombok-1.18.39-4050.jar -XX:+HeapDumpOnOutOfMemoryError -XX:HeapDumpPath=c:\Users\aidad\AppData\Roaming\Code\User\workspaceStorage\d211727bd897d708d62249b149b39ef9\redhat.java -Daether.dependencyCollector.impl=bf c:\Users\aidad\.vscode\extensions\redhat.java-1.54.0-win32-x64\server\plugins\org.eclipse.equinox.launcher_1.7.100.v20251111-0406.jar -configuration c:\Users\aidad\AppData\Roaming\Code\User\globalStorage\redhat.java\1.54.0\config_win -data c:\Users\aidad\AppData\Roaming\Code\User\workspaceStorage\d211727bd897d708d62249b149b39ef9\redhat.java\jdt_ws --pipe=\\.\pipe\lsp-d379e4521fdaa82db27de3e2c097b3a6-sock

Host: AMD Athlon Silver 3050U with Radeon Graphics   , 2 cores, 3G,  Windows 11 , 64 bit Build 26100 (10.0.26100.8328)
Time: Sun May 31 22:05:51 2026 Malay Peninsula Standard Time elapsed time: 61.077289 seconds (0d 0h 1m 1s)

---------------  T H R E A D  ---------------

Current thread (0x000001e9b47b5630):  JavaThread "C2 CompilerThread0" daemon [_thread_in_native, id=14988, stack(0x000000adbb500000,0x000000adbb600000) (1024K)]


Current CompileTask:
C2:61077 3308       4       java.lang.invoke.MethodType::makeImpl (109 bytes)

Stack: [0x000000adbb500000,0x000000adbb600000]
Native frames: (J=compiled Java code, j=interpreted, Vv=VM code, C=native code)
V  [jvm.dll+0x6d7a39]
V  [jvm.dll+0x8b4b26]
V  [jvm.dll+0x8b70de]
V  [jvm.dll+0x8b77c3]
V  [jvm.dll+0x284346]
V  [jvm.dll+0xc66ed]
V  [jvm.dll+0xc6c31]
V  [jvm.dll+0x6b3ce7]
V  [jvm.dll+0x8e118]
V  [jvm.dll+0x3a4856]
V  [jvm.dll+0x1cf5a6]
V  [jvm.dll+0x1ce2d2]
V  [jvm.dll+0x2fa4cc]
V  [jvm.dll+0x6f1ef8]
V  [jvm.dll+0x6e9fa9]
V  [jvm.dll+0x6e96a9]
V  [jvm.dll+0x6e774e]
V  [jvm.dll+0x1ce39c]
V  [jvm.dll+0x2fa4cc]
V  [jvm.dll+0x6f1ef8]
V  [jvm.dll+0x6e9fa9]
V  [jvm.dll+0x6e96a9]
V  [jvm.dll+0x6e774e]
V  [jvm.dll+0x1ce39c]
V  [jvm.dll+0x1cef3e]
V  [jvm.dll+0x2fa4cc]
V  [jvm.dll+0x6f1ef8]
V  [jvm.dll+0x6e9fa9]
V  [jvm.dll+0x6e96a9]
V  [jvm.dll+0x6e774e]
V  [jvm.dll+0x1ce39c]
V  [jvm.dll+0x1cef3e]
V  [jvm.dll+0x1cef3e]
V  [jvm.dll+0x2fa4cc]
V  [jvm.dll+0x6f1ef8]
V  [jvm.dll+0x6e9fa9]
V  [jvm.dll+0x6e96a9]
V  [jvm.dll+0x6e774e]
V  [jvm.dll+0x1ce39c]
V  [jvm.dll+0x1cef3e]
V  [jvm.dll+0x2fa4cc]
V  [jvm.dll+0x6f1ef8]
V  [jvm.dll+0x6e9fa9]
V  [jvm.dll+0x6e96a9]
V  [jvm.dll+0x6e774e]
V  [jvm.dll+0x1ce39c]
V  [jvm.dll+0x1cef3e]
V  [jvm.dll+0x2fa4cc]
V  [jvm.dll+0x6f1ef8]
V  [jvm.dll+0x6e9fa9]
V  [jvm.dll+0x6e96a9]
V  [jvm.dll+0x6e774e]
V  [jvm.dll+0x1ce39c]
V  [jvm.dll+0x2fa4cc]
V  [jvm.dll+0x6f1ef8]
V  [jvm.dll+0x6e9fa9]
V  [jvm.dll+0x6e96a9]
V  [jvm.dll+0x6e774e]
V  [jvm.dll+0x1ce39c]
V  [jvm.dll+0x2fa4cc]
V  [jvm.dll+0x6f1ef8]
V  [jvm.dll+0x6e9fa9]
V  [jvm.dll+0x6e96a9]
V  [jvm.dll+0x6e774e]
V  [jvm.dll+0x1ce39c]
V  [jvm.dll+0x1cef3e]
V  [jvm.dll+0x2fa4cc]
V  [jvm.dll+0x6f1ef8]
V  [jvm.dll+0x6e9fa9]
V  [jvm.dll+0x6e96a9]
V  [jvm.dll+0x6e774e]
V  [jvm.dll+0x1ce39c]
V  [jvm.dll+0x24b6e9]
V  [jvm.dll+0x1cb34e]
V  [jvm.dll+0x25b85d]
V  [jvm.dll+0x259dea]
V  [jvm.dll+0x3f857e]
V  [jvm.dll+0x85f59d]
V  [jvm.dll+0x6d626d]
C  [ucrtbase.dll+0x37b0]
C  [KERNEL32.DLL+0x2e957]
C  [ntdll.dll+0x427c]


---------------  P R O C E S S  ---------------

Threads class SMR info:
_java_thread_list=0x000001ea11ba0c70, length=19, elements={
0x000001e9b48facf0, 0x000001e9b47a7ac0, 0x000001e9b47ac2f0, 0x000001e9b47acf50,
0x000001e9b47ad9b0, 0x000001e9b47ae4b0, 0x000001e9b47b3560, 0x000001e9b47b5630,
0x000001e9b482bb00, 0x000001e9cb91bd60, 0x000001e9cba65fe0, 0x000001e9cba1a7c0,
0x000001e9b47f5010, 0x000001e9cb904170, 0x000001ea1106f000, 0x000001ea1104fa90,
0x000001ea11e58020, 0x000001ea112d62c0, 0x000001ea11b98cc0
}

Java Threads: ( => current thread )
  0x000001e9b48facf0 JavaThread "main"                              [_thread_blocked, id=20252, stack(0x000000adbaa00000,0x000000adbab00000) (1024K)]
  0x000001e9b47a7ac0 JavaThread "Reference Handler"          daemon [_thread_blocked, id=17156, stack(0x000000adbaf00000,0x000000adbb000000) (1024K)]
  0x000001e9b47ac2f0 JavaThread "Finalizer"                  daemon [_thread_blocked, id=13892, stack(0x000000adbb000000,0x000000adbb100000) (1024K)]
  0x000001e9b47acf50 JavaThread "Signal Dispatcher"          daemon [_thread_blocked, id=6116, stack(0x000000adbb100000,0x000000adbb200000) (1024K)]
  0x000001e9b47ad9b0 JavaThread "Attach Listener"            daemon [_thread_blocked, id=18660, stack(0x000000adbb200000,0x000000adbb300000) (1024K)]
  0x000001e9b47ae4b0 JavaThread "Service Thread"             daemon [_thread_blocked, id=7632, stack(0x000000adbb300000,0x000000adbb400000) (1024K)]
  0x000001e9b47b3560 JavaThread "Monitor Deflation Thread"   daemon [_thread_blocked, id=17068, stack(0x000000adbb400000,0x000000adbb500000) (1024K)]
=>0x000001e9b47b5630 JavaThread "C2 CompilerThread0"         daemon [_thread_in_native, id=14988, stack(0x000000adbb500000,0x000000adbb600000) (1024K)]
  0x000001e9b482bb00 JavaThread "C1 CompilerThread0"         daemon [_thread_blocked, id=6664, stack(0x000000adbb600000,0x000000adbb700000) (1024K)]
  0x000001e9cb91bd60 JavaThread "Common-Cleaner"             daemon [_thread_blocked, id=16628, stack(0x000000adbb700000,0x000000adbb800000) (1024K)]
  0x000001e9cba65fe0 JavaThread "Notification Thread"        daemon [_thread_blocked, id=17468, stack(0x000000adbb800000,0x000000adbb900000) (1024K)]
  0x000001e9cba1a7c0 JavaThread "Active Thread: Equinox Container: e72fd7c9-5105-4082-9cd2-2ae465782e6e"        [_thread_blocked, id=10016, stack(0x000000adbba00000,0x000000adbbb00000) (1024K)]
  0x000001e9b47f5010 JavaThread "Refresh Thread: Equinox Container: e72fd7c9-5105-4082-9cd2-2ae465782e6e" daemon [_thread_blocked, id=8708, stack(0x000000adbbb00000,0x000000adbbc00000) (1024K)]
  0x000001e9cb904170 JavaThread "Framework Event Dispatcher: Equinox Container: e72fd7c9-5105-4082-9cd2-2ae465782e6e" daemon [_thread_blocked, id=15292, stack(0x000000adbbc00000,0x000000adbbd00000) (1024K)]
  0x000001ea1106f000 JavaThread "Start Level: Equinox Container: e72fd7c9-5105-4082-9cd2-2ae465782e6e" daemon [_thread_in_vm, id=3140, stack(0x000000adbbd00000,0x000000adbbe00000) (1024K)]
  0x000001ea1104fa90 JavaThread "Bundle File Closer"         daemon [_thread_blocked, id=3144, stack(0x000000adbbe00000,0x000000adbbf00000) (1024K)]
  0x000001ea11e58020 JavaThread "SCR Component Actor"        daemon [_thread_blocked, id=11416, stack(0x000000adbbf00000,0x000000adbc000000) (1024K)]
  0x000001ea112d62c0 JavaThread "Worker-JM"                         [_thread_blocked, id=19888, stack(0x000000adbab00000,0x000000adbac00000) (1024K)]
  0x000001ea11b98cc0 JavaThread "JNA Cleaner"                daemon [_thread_blocked, id=16548, stack(0x000000adbc000000,0x000000adbc100000) (1024K)]
Total: 19

Other Threads:
  0x000001e9b49bc790 VMThread "VM Thread"                           [id=12204, stack(0x000000adbae00000,0x000000adbaf00000) (1024K)]
  0x000001e9b478ba00 WatcherThread "VM Periodic Task Thread"        [id=7044, stack(0x000000adbad00000,0x000000adbae00000) (1024K)]
  0x000001e9b4919330 WorkerThread "GC Thread#0"                     [id=16952, stack(0x000000adbac00000,0x000000adbad00000) (1024K)]
  0x000001ea11215610 WorkerThread "GC Thread#1"                     [id=10968, stack(0x000000adbb900000,0x000000adbba00000) (1024K)]
Total: 4

Threads with active compile tasks:
C2 CompilerThread0  61149 3308       4       java.lang.invoke.MethodType::makeImpl (109 bytes)
Total: 1

VM state: not at safepoint (normal execution)

VM Mutex/Monitor currently owned by a thread: None

Heap address: 0x0000000080000000, size: 2048 MB, Compressed Oops mode: 32-bit

CDS archive(s) mapped at: [0x000001e9cc000000-0x000001e9ccba0000-0x000001e9ccba0000), size 12189696, SharedBaseAddress: 0x000001e9cc000000, ArchiveRelocationMode: 1.
Compressed class space mapped at: 0x000001e9cd000000-0x000001ea0d000000, reserved size: 1073741824
Narrow klass base: 0x000001e9cc000000, Narrow klass shift: 0, Narrow klass range: 0x100000000

GC Precious Log:
 CardTable entry size: 512
 CPUs: 2 total, 2 available
 Memory: 3460M
 Large Page Support: Disabled
 NUMA Support: Disabled
 Compressed Oops: Enabled (32-bit)
 Alignments: Space 512K, Generation 512K, Heap 2M
 Heap Min Capacity: 100M
 Heap Initial Capacity: 100M
 Heap Max Capacity: 2G
 Pre-touch: Disabled
 Parallel Workers: 2

Heap:
 PSYoungGen      total 29184K, used 15131K [0x00000000d5580000, 0x00000000d7900000, 0x0000000100000000)
  eden space 25088K, 44% used [0x00000000d5580000,0x00000000d604c0a0,0x00000000d6e00000)
  from space 4096K, 99% used [0x00000000d6e80000,0x00000000d727af00,0x00000000d7280000)
  to   space 5632K, 0% used [0x00000000d7380000,0x00000000d7380000,0x00000000d7900000)
 ParOldGen       total 68608K, used 8247K [0x0000000080000000, 0x0000000084300000, 0x00000000d5580000)
  object space 68608K, 12% used [0x0000000080000000,0x000000008080dee0,0x0000000084300000)
 Metaspace       used 17135K, committed 17728K, reserved 1114112K
  class space    used 1762K, committed 2048K, reserved 1048576K

Card table byte_map: [0x000001e9b42a0000,0x000001e9b46b0000] _byte_map_base: 0x000001e9b3ea0000

Marking Bits: (ParMarkBitMap*) 0x00007fff5e7d3450
 Begin Bits: [0x000001e9c6db0000, 0x000001e9c8db0000)
 End Bits:   [0x000001e9c8db0000, 0x000001e9cadb0000)

Polling page: 0x000001e9b26c0000

Metaspace:

Usage:
  Non-class:     15.01 MB used.
      Class:      1.72 MB used.
       Both:     16.73 MB used.

Virtual space:
  Non-class space:       64.00 MB reserved,      15.31 MB ( 24%) committed,  1 nodes.
      Class space:        1.00 GB reserved,       2.00 MB ( <1%) committed,  1 nodes.
             Both:        1.06 GB reserved,      17.31 MB (  2%) committed. 

Chunk freelists:
   Non-Class:  272.00 KB
       Class:  13.85 MB
        Both:  14.12 MB

MaxMetaspaceSize: unlimited
CompressedClassSpaceSize: 1.00 GB
Initial GC threshold: 21.00 MB
Current GC threshold: 21.00 MB
CDS: on
 - commit_granule_bytes: 65536.
 - commit_granule_words: 8192.
 - virtual_space_node_default_size: 8388608.
 - enlarge_chunks_in_place: 1.
 - use_allocation_guard: 0.


Internal statistics:

num_allocs_failed_limit: 0.
num_arena_births: 472.
num_arena_deaths: 0.
num_vsnodes_births: 2.
num_vsnodes_deaths: 0.
num_space_committed: 277.
num_space_uncommitted: 0.
num_chunks_returned_to_freelist: 0.
num_chunks_taken_from_freelist: 1079.
num_chunk_merges: 0.
num_chunk_splits: 686.
num_chunks_enlarged: 435.
num_inconsistent_stats: 0.

CodeHeap 'non-profiled nmethods': size=120064Kb used=1501Kb max_used=1501Kb free=118562Kb
 bounds [0x000001e9bf5c0000, 0x000001e9bf830000, 0x000001e9c6b00000]
CodeHeap 'profiled nmethods': size=120000Kb used=6808Kb max_used=6808Kb free=113191Kb
 bounds [0x000001e9b7b00000, 0x000001e9b81b0000, 0x000001e9bf030000]
CodeHeap 'non-nmethods': size=5696Kb used=1269Kb max_used=1284Kb free=4426Kb
 bounds [0x000001e9bf030000, 0x000001e9bf2a0000, 0x000001e9bf5c0000]
CodeCache: size=245760Kb, used=9578Kb, max_used=9593Kb, free=236179Kb
 total_blobs=3855, nmethods=3308, adapters=453, full_count=0
Compilation: enabled, stopped_count=0, restarted_count=0

Compilation events (20 events):
Event: 61.014 Thread 0x000001e9b482bb00 nmethod 3301 0x000001e9bf736e10 code [0x000001e9bf736fa0, 0x000001e9bf737068]
Event: 61.014 Thread 0x000001e9b482bb00 3302       3       java.lang.invoke.MemberName::asSpecial (89 bytes)
Event: 61.014 Thread 0x000001e9b482bb00 nmethod 3302 0x000001e9b81a1890 code [0x000001e9b81a1b60, 0x000001e9b81a27c8]
Event: 61.016 Thread 0x000001e9b482bb00 3303       3       jdk.internal.org.objectweb.asm.FieldWriter::computeFieldInfoSize (86 bytes)
Event: 61.017 Thread 0x000001e9b482bb00 nmethod 3303 0x000001e9b81a2c10 code [0x000001e9b81a2e00, 0x000001e9b81a30e0]
Event: 61.017 Thread 0x000001e9b482bb00 3304       3       jdk.internal.org.objectweb.asm.FieldWriter::putFieldInfo (269 bytes)
Event: 61.017 Thread 0x000001e9b482bb00 nmethod 3304 0x000001e9b81a3210 code [0x000001e9b81a34a0, 0x000001e9b81a3d90]
Event: 61.017 Thread 0x000001e9b482bb00 3305       3       java.lang.PublicMethods$Key::matches (31 bytes)
Event: 61.018 Thread 0x000001e9b482bb00 nmethod 3305 0x000001e9b81a4110 code [0x000001e9b81a42e0, 0x000001e9b81a45d8]
Event: 61.019 Thread 0x000001e9b47b5630 3308       4       java.lang.invoke.MethodType::makeImpl (109 bytes)
Event: 61.020 Thread 0x000001e9b482bb00 3309       3       java.lang.reflect.Field::checkAccess (32 bytes)
Event: 61.020 Thread 0x000001e9b482bb00 nmethod 3309 0x000001e9b81a4790 code [0x000001e9b81a4960, 0x000001e9b81a4be0]
Event: 61.020 Thread 0x000001e9b482bb00 3310       3       java.lang.reflect.Field::getFieldAccessor (18 bytes)
Event: 61.020 Thread 0x000001e9b482bb00 nmethod 3310 0x000001e9b81a4d10 code [0x000001e9b81a4ec0, 0x000001e9b81a5048]
Event: 61.021 Thread 0x000001e9b482bb00 3311       3       java.lang.reflect.Modifier::isVolatile (13 bytes)
Event: 61.021 Thread 0x000001e9b482bb00 nmethod 3311 0x000001e9b81a5110 code [0x000001e9b81a52a0, 0x000001e9b81a53e0]
Event: 61.022 Thread 0x000001e9b482bb00 3312       3       java.lang.invoke.DirectMethodHandle::checkCast (9 bytes)
Event: 61.022 Thread 0x000001e9b482bb00 nmethod 3312 0x000001e9b81a5490 code [0x000001e9b81a5640, 0x000001e9b81a58e8]
Event: 61.022 Thread 0x000001e9b482bb00 3313       3       java.util.LinkedList$ListItr::next (56 bytes)
Event: 61.023 Thread 0x000001e9b482bb00 nmethod 3313 0x000001e9b81a5a10 code [0x000001e9b81a5c00, 0x000001e9b81a6098]

GC Heap History (10 events):
Event: 7.956 GC heap before
{Heap before GC invocations=1 (full 0):
 PSYoungGen      total 29696K, used 25600K [0x00000000d5580000, 0x00000000d7680000, 0x0000000100000000)
  eden space 25600K, 100% used [0x00000000d5580000,0x00000000d6e80000,0x00000000d6e80000)
  from space 4096K, 0% used [0x00000000d7280000,0x00000000d7280000,0x00000000d7680000)
  to   space 4096K, 0% used [0x00000000d6e80000,0x00000000d6e80000,0x00000000d7280000)
 ParOldGen       total 68608K, used 0K [0x0000000080000000, 0x0000000084300000, 0x00000000d5580000)
  object space 68608K, 0% used [0x0000000080000000,0x0000000080000000,0x0000000084300000)
 Metaspace       used 4363K, committed 4608K, reserved 1114112K
  class space    used 474K, committed 576K, reserved 1048576K
}
Event: 7.975 GC heap after
{Heap after GC invocations=1 (full 0):
 PSYoungGen      total 29696K, used 3280K [0x00000000d5580000, 0x00000000d7680000, 0x0000000100000000)
  eden space 25600K, 0% used [0x00000000d5580000,0x00000000d5580000,0x00000000d6e80000)
  from space 4096K, 80% used [0x00000000d6e80000,0x00000000d71b4148,0x00000000d7280000)
  to   space 4096K, 0% used [0x00000000d7280000,0x00000000d7280000,0x00000000d7680000)
 ParOldGen       total 68608K, used 0K [0x0000000080000000, 0x0000000084300000, 0x00000000d5580000)
  object space 68608K, 0% used [0x0000000080000000,0x0000000080000000,0x0000000084300000)
 Metaspace       used 4363K, committed 4608K, reserved 1114112K
  class space    used 474K, committed 576K, reserved 1048576K
}
Event: 33.959 GC heap before
{Heap before GC invocations=2 (full 0):
 PSYoungGen      total 29696K, used 28880K [0x00000000d5580000, 0x00000000d7680000, 0x0000000100000000)
  eden space 25600K, 100% used [0x00000000d5580000,0x00000000d6e80000,0x00000000d6e80000)
  from space 4096K, 80% used [0x00000000d6e80000,0x00000000d71b4148,0x00000000d7280000)
  to   space 4096K, 0% used [0x00000000d7280000,0x00000000d7280000,0x00000000d7680000)
 ParOldGen       total 68608K, used 0K [0x0000000080000000, 0x0000000084300000, 0x00000000d5580000)
  object space 68608K, 0% used [0x0000000080000000,0x0000000080000000,0x0000000084300000)
 Metaspace       used 8040K, committed 8320K, reserved 1114112K
  class space    used 829K, committed 960K, reserved 1048576K
}
Event: 34.005 GC heap after
{Heap after GC invocations=2 (full 0):
 PSYoungGen      total 29696K, used 4071K [0x00000000d5580000, 0x00000000d7680000, 0x0000000100000000)
  eden space 25600K, 0% used [0x00000000d5580000,0x00000000d5580000,0x00000000d6e80000)
  from space 4096K, 99% used [0x00000000d7280000,0x00000000d7679e98,0x00000000d7680000)
  to   space 4096K, 0% used [0x00000000d6e80000,0x00000000d6e80000,0x00000000d7280000)
 ParOldGen       total 68608K, used 2046K [0x0000000080000000, 0x0000000084300000, 0x00000000d5580000)
  object space 68608K, 2% used [0x0000000080000000,0x00000000801ff830,0x0000000084300000)
 Metaspace       used 8040K, committed 8320K, reserved 1114112K
  class space    used 829K, committed 960K, reserved 1048576K
}
Event: 40.600 GC heap before
{Heap before GC invocations=3 (full 0):
 PSYoungGen      total 29696K, used 29671K [0x00000000d5580000, 0x00000000d7680000, 0x0000000100000000)
  eden space 25600K, 100% used [0x00000000d5580000,0x00000000d6e80000,0x00000000d6e80000)
  from space 4096K, 99% used [0x00000000d7280000,0x00000000d7679e98,0x00000000d7680000)
  to   space 4096K, 0% used [0x00000000d6e80000,0x00000000d6e80000,0x00000000d7280000)
 ParOldGen       total 68608K, used 2046K [0x0000000080000000, 0x0000000084300000, 0x00000000d5580000)
  object space 68608K, 2% used [0x0000000080000000,0x00000000801ff830,0x0000000084300000)
 Metaspace       used 9488K, committed 9856K, reserved 1114112K
  class space    used 1004K, committed 1152K, reserved 1048576K
}
Event: 40.616 GC heap after
{Heap after GC invocations=3 (full 0):
 PSYoungGen      total 29696K, used 4076K [0x00000000d5580000, 0x00000000d7680000, 0x0000000100000000)
  eden space 25600K, 0% used [0x00000000d5580000,0x00000000d5580000,0x00000000d6e80000)
  from space 4096K, 99% used [0x00000000d6e80000,0x00000000d727b220,0x00000000d7280000)
  to   space 4096K, 0% used [0x00000000d7280000,0x00000000d7280000,0x00000000d7680000)
 ParOldGen       total 68608K, used 5407K [0x0000000080000000, 0x0000000084300000, 0x00000000d5580000)
  object space 68608K, 7% used [0x0000000080000000,0x0000000080547ce0,0x0000000084300000)
 Metaspace       used 9488K, committed 9856K, reserved 1114112K
  class space    used 1004K, committed 1152K, reserved 1048576K
}
Event: 59.533 GC heap before
{Heap before GC invocations=4 (full 0):
 PSYoungGen      total 29696K, used 29676K [0x00000000d5580000, 0x00000000d7680000, 0x0000000100000000)
  eden space 25600K, 100% used [0x00000000d5580000,0x00000000d6e80000,0x00000000d6e80000)
  from space 4096K, 99% used [0x00000000d6e80000,0x00000000d727b220,0x00000000d7280000)
  to   space 4096K, 0% used [0x00000000d7280000,0x00000000d7280000,0x00000000d7680000)
 ParOldGen       total 68608K, used 5407K [0x0000000080000000, 0x0000000084300000, 0x00000000d5580000)
  object space 68608K, 7% used [0x0000000080000000,0x0000000080547ce0,0x0000000084300000)
 Metaspace       used 11417K, committed 11776K, reserved 1114112K
  class space    used 1183K, committed 1344K, reserved 1048576K
}
Event: 59.542 GC heap after
{Heap after GC invocations=4 (full 0):
 PSYoungGen      total 29696K, used 4086K [0x00000000d5580000, 0x00000000d7680000, 0x0000000100000000)
  eden space 25600K, 0% used [0x00000000d5580000,0x00000000d5580000,0x00000000d6e80000)
  from space 4096K, 99% used [0x00000000d7280000,0x00000000d767dbd0,0x00000000d7680000)
  to   space 4096K, 0% used [0x00000000d6e80000,0x00000000d6e80000,0x00000000d7280000)
 ParOldGen       total 68608K, used 7219K [0x0000000080000000, 0x0000000084300000, 0x00000000d5580000)
  object space 68608K, 10% used [0x0000000080000000,0x000000008070cec0,0x0000000084300000)
 Metaspace       used 11417K, committed 11776K, reserved 1114112K
  class space    used 1183K, committed 1344K, reserved 1048576K
}
Event: 60.384 GC heap before
{Heap before GC invocations=5 (full 0):
 PSYoungGen      total 29696K, used 29686K [0x00000000d5580000, 0x00000000d7680000, 0x0000000100000000)
  eden space 25600K, 100% used [0x00000000d5580000,0x00000000d6e80000,0x00000000d6e80000)
  from space 4096K, 99% used [0x00000000d7280000,0x00000000d767dbd0,0x00000000d7680000)
  to   space 4096K, 0% used [0x00000000d6e80000,0x00000000d6e80000,0x00000000d7280000)
 ParOldGen       total 68608K, used 7219K [0x0000000080000000, 0x0000000084300000, 0x00000000d5580000)
  object space 68608K, 10% used [0x0000000080000000,0x000000008070cec0,0x0000000084300000)
 Metaspace       used 15372K, committed 16000K, reserved 1114112K
  class space    used 1566K, committed 1856K, reserved 1048576K
}
Event: 60.391 GC heap after
{Heap after GC invocations=5 (full 0):
 PSYoungGen      total 29184K, used 4075K [0x00000000d5580000, 0x00000000d7900000, 0x0000000100000000)
  eden space 25088K, 0% used [0x00000000d5580000,0x00000000d5580000,0x00000000d6e00000)
  from space 4096K, 99% used [0x00000000d6e80000,0x00000000d727af00,0x00000000d7280000)
  to   space 5632K, 0% used [0x00000000d7380000,0x00000000d7380000,0x00000000d7900000)
 ParOldGen       total 68608K, used 8247K [0x0000000080000000, 0x0000000084300000, 0x00000000d5580000)
  object space 68608K, 12% used [0x0000000080000000,0x000000008080dee0,0x0000000084300000)
 Metaspace       used 15372K, committed 16000K, reserved 1114112K
  class space    used 1566K, committed 1856K, reserved 1048576K
}

Dll operation events (10 events):
Event: 0.040 Loaded shared library c:\Users\aidad\.vscode\extensions\redhat.java-1.54.0-win32-x64\jre\21.0.10-win32-x86_64\bin\java.dll
Event: 0.781 Loaded shared library c:\Users\aidad\.vscode\extensions\redhat.java-1.54.0-win32-x64\jre\21.0.10-win32-x86_64\bin\zip.dll
Event: 0.815 Loaded shared library C:\Users\aidad\.vscode\extensions\redhat.java-1.54.0-win32-x64\jre\21.0.10-win32-x86_64\bin\instrument.dll
Event: 0.829 Loaded shared library C:\Users\aidad\.vscode\extensions\redhat.java-1.54.0-win32-x64\jre\21.0.10-win32-x86_64\bin\net.dll
Event: 0.832 Loaded shared library C:\Users\aidad\.vscode\extensions\redhat.java-1.54.0-win32-x64\jre\21.0.10-win32-x86_64\bin\nio.dll
Event: 0.837 Loaded shared library C:\Users\aidad\.vscode\extensions\redhat.java-1.54.0-win32-x64\jre\21.0.10-win32-x86_64\bin\zip.dll
Event: 0.869 Loaded shared library C:\Users\aidad\.vscode\extensions\redhat.java-1.54.0-win32-x64\jre\21.0.10-win32-x86_64\bin\jimage.dll
Event: 3.361 Loaded shared library c:\Users\aidad\.vscode\extensions\redhat.java-1.54.0-win32-x64\jre\21.0.10-win32-x86_64\bin\verify.dll
Event: 36.005 Loaded shared library C:\Users\aidad\AppData\Roaming\Code\User\globalStorage\redhat.java\1.54.0\config_win\org.eclipse.equinox.launcher\org.eclipse.equinox.launcher.win32.win32.x86_64_1.3.0.v20260203-2149\eclipse_11919.dll
Event: 60.993 Loaded shared library C:\Users\aidad\AppData\Local\Temp\jna-92808799\jna8524527377885292414.dll

Deoptimization events (20 events):
Event: 60.490 Thread 0x000001ea1106f000 Uncommon trap: trap_request=0xffffff45 fr.pc=0x000001e9bf709710 relative=0x0000000000000b50
Event: 60.490 Thread 0x000001ea1106f000 Uncommon trap: reason=unstable_if action=reinterpret pc=0x000001e9bf709710 method=java.io.BufferedInputStream.implRead([BII)I @ 55 c2
Event: 60.490 Thread 0x000001ea1106f000 DEOPT PACKING pc=0x000001e9bf709710 sp=0x000000adbbdf99e0
Event: 60.490 Thread 0x000001ea1106f000 DEOPT UNPACKING pc=0x000001e9bf083aa2 sp=0x000000adbbdf9918 mode 2
Event: 60.490 Thread 0x000001ea1106f000 Uncommon trap: trap_request=0xffffff45 fr.pc=0x000001e9bf71324c relative=0x0000000000000ccc
Event: 60.490 Thread 0x000001ea1106f000 Uncommon trap: reason=unstable_if action=reinterpret pc=0x000001e9bf71324c method=java.io.DataInputStream.readFully([BII)V @ 37 c2
Event: 60.490 Thread 0x000001ea1106f000 DEOPT PACKING pc=0x000001e9bf71324c sp=0x000000adbbdf9ab0
Event: 60.490 Thread 0x000001ea1106f000 DEOPT UNPACKING pc=0x000001e9bf083aa2 sp=0x000000adbbdf9990 mode 2
Event: 60.593 Thread 0x000001ea1106f000 Uncommon trap: trap_request=0xffffff45 fr.pc=0x000001e9bf645904 relative=0x00000000000005c4
Event: 60.593 Thread 0x000001ea1106f000 Uncommon trap: reason=unstable_if action=reinterpret pc=0x000001e9bf645904 method=java.io.BufferedInputStream.implRead([BII)I @ 55 c2
Event: 60.593 Thread 0x000001ea1106f000 DEOPT PACKING pc=0x000001e9bf645904 sp=0x000000adbbdf9450
Event: 60.593 Thread 0x000001ea1106f000 DEOPT UNPACKING pc=0x000001e9bf083aa2 sp=0x000000adbbdf9428 mode 2
Event: 60.615 Thread 0x000001ea1106f000 Uncommon trap: trap_request=0xffffff45 fr.pc=0x000001e9bf684c94 relative=0x0000000000000234
Event: 60.615 Thread 0x000001ea1106f000 Uncommon trap: reason=unstable_if action=reinterpret pc=0x000001e9bf684c94 method=java.io.WinNTFileSystem.normalize(Ljava/lang/String;)Ljava/lang/String; @ 128 c2
Event: 60.615 Thread 0x000001ea1106f000 DEOPT PACKING pc=0x000001e9bf684c94 sp=0x000000adbbdf7be0
Event: 60.615 Thread 0x000001ea1106f000 DEOPT UNPACKING pc=0x000001e9bf083aa2 sp=0x000000adbbdf7b58 mode 2
Event: 60.618 Thread 0x000001ea1106f000 Uncommon trap: trap_request=0xffffff45 fr.pc=0x000001e9bf5fc98c relative=0x000000000000064c
Event: 60.618 Thread 0x000001ea1106f000 Uncommon trap: reason=unstable_if action=reinterpret pc=0x000001e9bf5fc98c method=java.lang.String.replace(Ljava/lang/CharSequence;Ljava/lang/CharSequence;)Ljava/lang/String; @ 42 c2
Event: 60.618 Thread 0x000001ea1106f000 DEOPT PACKING pc=0x000001e9bf5fc98c sp=0x000000adbbdf7ce0
Event: 60.618 Thread 0x000001ea1106f000 DEOPT UNPACKING pc=0x000001e9bf083aa2 sp=0x000000adbbdf7c50 mode 2

Classes loaded (20 events):
Event: 60.670 Loading class sun/security/provider/AbstractDrbg$NonceProvider
Event: 60.670 Loading class sun/security/provider/AbstractDrbg$NonceProvider done
Event: 60.993 Loading class java/nio/ShortBuffer
Event: 60.993 Loading class java/nio/ShortBuffer done
Event: 60.994 Loading class java/nio/FloatBuffer
Event: 60.994 Loading class java/nio/FloatBuffer done
Event: 60.994 Loading class java/nio/DoubleBuffer
Event: 60.994 Loading class java/nio/DoubleBuffer done
Event: 60.994 Loading class jdk/internal/loader/NativeLibraries$Unloader
Event: 60.994 Loading class jdk/internal/loader/NativeLibraries$Unloader done
Event: 61.015 Loading class java/lang/annotation/Documented
Event: 61.015 Loading class java/lang/annotation/Documented done
Event: 61.017 Loading class java/lang/reflect/UndeclaredThrowableException
Event: 61.017 Loading class java/lang/reflect/UndeclaredThrowableException done
Event: 61.017 Loading class java/lang/Class$AnnotationData
Event: 61.017 Loading class java/lang/Class$AnnotationData done
Event: 61.018 Loading class jdk/internal/reflect/MethodHandleIntegerFieldAccessorImpl
Event: 61.018 Loading class jdk/internal/reflect/MethodHandleIntegerFieldAccessorImpl done
Event: 61.032 Loading class java/io/PrintWriter
Event: 61.032 Loading class java/io/PrintWriter done

Classes unloaded (0 events):
No events

Classes redefined (0 events):
No events

Internal exceptions (20 events):
Event: 36.315 Thread 0x000001ea1106f000 Exception <a 'java/lang/ClassNotFoundException'{0x00000000d5e518b0}: sun/util/logging/resources/spi/loggingProvider> (0x00000000d5e518b0) 
thrown [s\src\hotspot\share\classfile\systemDictionary.cpp, line 312]
Event: 59.446 Thread 0x000001ea1106f000 Exception <a 'java/lang/NullPointerException'{0x00000000d6ac4218}> (0x00000000d6ac4218) 
thrown [s\src\hotspot\share\interpreter\linkResolver.cpp, line 1372]
Event: 59.446 Thread 0x000001ea1106f000 Exception <a 'java/lang/NullPointerException'{0x00000000d6ac44f8}> (0x00000000d6ac44f8) 
thrown [s\src\hotspot\share\interpreter\linkResolver.cpp, line 1372]
Event: 59.754 Thread 0x000001ea1106f000 Exception <a 'java/lang/NoSuchMethodError'{0x00000000d5bb3f28}: 'long java.lang.invoke.DirectMethodHandle$Holder.invokeSpecial(java.lang.Object, java.lang.Object)'> (0x00000000d5bb3f28) 
thrown [s\src\hotspot\share\interpreter\linkResolver.cpp, line 773]
Event: 59.818 Thread 0x000001ea1106f000 Exception <a 'java/io/FileNotFoundException'{0x00000000d5de1cc8}> (0x00000000d5de1cc8) 
thrown [s\src\hotspot\share\prims\jni.cpp, line 520]
Event: 60.041 Thread 0x000001ea1106f000 Exception <a 'java/lang/NoSuchMethodError'{0x00000000d62eee30}: 'java.lang.Object java.lang.invoke.Invokers$Holder.linkToTargetMethod(java.lang.Object, long, java.lang.Object)'> (0x00000000d62eee30) 
thrown [s\src\hotspot\share\interpreter\linkResolver.cpp, line 773]
Event: 60.144 Thread 0x000001ea1106f000 Exception <a 'java/lang/NoSuchMethodError'{0x00000000d6839330}: 'void java.lang.invoke.Invokers$Holder.invokeExact_MT(java.lang.Object, java.lang.Object, java.lang.Object)'> (0x00000000d6839330) 
thrown [s\src\hotspot\share\interpreter\linkResolver.cpp, line 773]
Event: 60.273 Thread 0x000001ea1106f000 Exception <a 'java/lang/NoSuchMethodError'{0x00000000d6b39b48}: 'java.lang.Object java.lang.invoke.DirectMethodHandle$Holder.invokeVirtual(java.lang.Object, java.lang.Object, java.lang.Object)'> (0x00000000d6b39b48) 
thrown [s\src\hotspot\share\interpreter\linkResolver.cpp, line 773]
Event: 60.277 Thread 0x000001ea1106f000 Exception <a 'java/lang/NoSuchMethodError'{0x00000000d6b515e0}: 'java.lang.Object java.lang.invoke.DelegatingMethodHandle$Holder.reinvoke_L(java.lang.Object, java.lang.Object, java.lang.Object, java.lang.Object, int, int)'> (0x00000000d6b515e0) 
thrown [s\src\hotspot\share\interpreter\linkResolver.cpp, line 773]
Event: 60.281 Thread 0x000001ea1106f000 Exception <a 'java/lang/NoSuchMethodError'{0x00000000d6b6da18}: 'java.lang.Object java.lang.invoke.DirectMethodHandle$Holder.newInvokeSpecial(java.lang.Object, java.lang.Object, java.lang.Object, java.lang.Object, java.lang.Object, java.lang.Object)'> (0x00000000d6b6da18) 
thrown [s\src\hotspot\share\interpreter\linkResolver.cpp, line 773]
Event: 60.286 Thread 0x000001ea1106f000 Exception <a 'java/lang/NoSuchMethodError'{0x00000000d6b894f8}: 'void java.lang.invoke.Invokers$Holder.invokeExact_MT(java.lang.Object, java.lang.Object, java.lang.Object, java.lang.Object)'> (0x00000000d6b894f8) 
thrown [s\src\hotspot\share\interpreter\linkResolver.cpp, line 773]
Event: 60.381 Thread 0x000001ea1106f000 Exception <a 'java/io/FileNotFoundException'{0x00000000d6e63dc8}> (0x00000000d6e63dc8) 
thrown [s\src\hotspot\share\prims\jni.cpp, line 520]
Event: 60.382 Thread 0x000001ea1106f000 Exception <a 'java/io/FileNotFoundException'{0x00000000d6e6af68}> (0x00000000d6e6af68) 
thrown [s\src\hotspot\share\prims\jni.cpp, line 520]
Event: 60.472 Thread 0x000001ea1106f000 Exception <a 'java/lang/NoSuchMethodError'{0x00000000d5891c90}: 'java.lang.Object java.lang.invoke.DirectMethodHandle$Holder.newInvokeSpecial(java.lang.Object, java.lang.Object, java.lang.Object, java.lang.Object, java.lang.Object)'> (0x00000000d5891c90) 
thrown [s\src\hotspot\share\interpreter\linkResolver.cpp, line 773]
Event: 60.553 Thread 0x000001ea1106f000 Exception <a 'java/lang/NoSuchMethodError'{0x00000000d5a77538}: 'java.lang.Object java.lang.invoke.DirectMethodHandle$Holder.invokeStaticInit(java.lang.Object, int)'> (0x00000000d5a77538) 
thrown [s\src\hotspot\share\interpreter\linkResolver.cpp, line 773]
Event: 60.622 Thread 0x000001ea1106f000 Exception <a 'java/lang/NoSuchMethodError'{0x00000000d5cd0e80}: 'java.lang.Object java.lang.invoke.DirectMethodHandle$Holder.invokeStaticInit(java.lang.Object, int, int, int, int)'> (0x00000000d5cd0e80) 
thrown [s\src\hotspot\share\interpreter\linkResolver.cpp, line 773]
Event: 60.668 Thread 0x000001ea1106f000 Exception <a 'java/lang/NoSuchMethodError'{0x00000000d5dea580}: 'java.lang.Object java.lang.invoke.DirectMethodHandle$Holder.invokeStaticInit(java.lang.Object, java.lang.Object, int, int, int, int)'> (0x00000000d5dea580) 
thrown [s\src\hotspot\share\interpreter\linkResolver.cpp, line 773]
Event: 61.018 Thread 0x000001ea1106f000 Exception <a 'java/lang/NoSuchMethodError'{0x00000000d5efee30}: 'void java.lang.invoke.DirectMethodHandle$Holder.invokeSpecial(java.lang.Object, java.lang.Object, java.lang.Object, int)'> (0x00000000d5efee30) 
thrown [s\src\hotspot\share\interpreter\linkResolver.cpp, line 773]
Event: 61.019 Thread 0x000001ea1106f000 Exception <a 'java/lang/NoSuchMethodError'{0x00000000d5f027c0}: 'void java.lang.invoke.DelegatingMethodHandle$Holder.reinvoke_L(java.lang.Object, java.lang.Object, int)'> (0x00000000d5f027c0) 
thrown [s\src\hotspot\share\interpreter\linkResolver.cpp, line 773]
Event: 61.019 Thread 0x000001ea1106f000 Exception <a 'java/lang/NoSuchMethodError'{0x00000000d5f094a8}: 'int java.lang.invoke.Invokers$Holder.invokeExact_MT(java.lang.Object, java.lang.Object, java.lang.Object)'> (0x00000000d5f094a8) 
thrown [s\src\hotspot\share\interpreter\linkResolver.cpp, line 773]

ZGC Phase Switch (0 events):
No events

VM Operations (20 events):
Event: 59.385 Executing safepoint VM operation: Cleanup
Event: 59.385 Executing safepoint VM operation: Cleanup done
Event: 59.533 Executing safepoint VM operation: ParallelGCFailedAllocation (Allocation Failure)
Event: 59.542 Executing safepoint VM operation: ParallelGCFailedAllocation (Allocation Failure) done
Event: 59.591 Executing non-safepoint VM operation: HandshakeAllThreads (Deoptimize)
Event: 59.591 Executing non-safepoint VM operation: HandshakeAllThreads (Deoptimize) done
Event: 60.076 Executing non-safepoint VM operation: HandshakeAllThreads (HandshakeForDeflation)
Event: 60.076 Executing non-safepoint VM operation: HandshakeAllThreads (HandshakeForDeflation) done
Event: 60.076 Executing non-safepoint VM operation: RendezvousGCThreads
Event: 60.076 Executing non-safepoint VM operation: RendezvousGCThreads done
Event: 60.283 Executing safepoint VM operation: ICBufferFull
Event: 60.283 Executing safepoint VM operation: ICBufferFull done
Event: 60.384 Executing safepoint VM operation: ParallelGCFailedAllocation (Allocation Failure)
Event: 60.391 Executing safepoint VM operation: ParallelGCFailedAllocation (Allocation Failure) done
Event: 60.405 Executing non-safepoint VM operation: HandshakeAllThreads (Deoptimize)
Event: 60.405 Executing non-safepoint VM operation: HandshakeAllThreads (Deoptimize) done
Event: 60.650 Executing non-safepoint VM operation: HandshakeAllThreads (Deoptimize)
Event: 60.650 Executing non-safepoint VM operation: HandshakeAllThreads (Deoptimize) done
Event: 61.004 Executing non-safepoint VM operation: HandshakeAllThreads (Deoptimize)
Event: 61.005 Executing non-safepoint VM operation: HandshakeAllThreads (Deoptimize) done

Memory protections (0 events):
No events

Nmethod flushes (0 events):
No events

Events (19 events):
Event: 0.059 Thread 0x000001e9b48facf0 Thread added: 0x000001e9b48facf0
Event: 0.153 Thread 0x000001e9b48facf0 Thread added: 0x000001e9b47a7ac0
Event: 0.153 Thread 0x000001e9b48facf0 Thread added: 0x000001e9b47ac2f0
Event: 0.153 Thread 0x000001e9b48facf0 Thread added: 0x000001e9b47acf50
Event: 0.153 Thread 0x000001e9b48facf0 Thread added: 0x000001e9b47ad9b0
Event: 0.153 Thread 0x000001e9b48facf0 Thread added: 0x000001e9b47ae4b0
Event: 0.154 Thread 0x000001e9b48facf0 Thread added: 0x000001e9b47b3560
Event: 0.154 Thread 0x000001e9b48facf0 Thread added: 0x000001e9b47b5630
Event: 0.172 Thread 0x000001e9b48facf0 Thread added: 0x000001e9b482bb00
Event: 0.826 Thread 0x000001e9b48facf0 Thread added: 0x000001e9cb91bd60
Event: 3.824 Thread 0x000001e9b48facf0 Thread added: 0x000001e9cba65fe0
Event: 15.398 Thread 0x000001e9b48facf0 Thread added: 0x000001e9cba1a7c0
Event: 35.426 Thread 0x000001e9b48facf0 Thread added: 0x000001e9b47f5010
Event: 35.612 Thread 0x000001e9b47f5010 Thread added: 0x000001e9cb904170
Event: 36.011 Thread 0x000001e9b48facf0 Thread added: 0x000001ea1106f000
Event: 40.876 Thread 0x000001ea1106f000 Thread added: 0x000001ea1104fa90
Event: 59.575 Thread 0x000001ea1106f000 Thread added: 0x000001ea11e58020
Event: 60.115 Thread 0x000001ea1106f000 Thread added: 0x000001ea112d62c0
Event: 61.028 Thread 0x000001ea1106f000 Thread added: 0x000001ea11b98cc0


Dynamic libraries:
0x00007ff74df50000 - 0x00007ff74df5e000 	c:\Users\aidad\.vscode\extensions\redhat.java-1.54.0-win32-x64\jre\21.0.10-win32-x86_64\bin\java.exe
0x00007fffca5a0000 - 0x00007fffca807000 	C:\WINDOWS\SYSTEM32\ntdll.dll
0x00007fffc90c0000 - 0x00007fffc9189000 	C:\WINDOWS\System32\KERNEL32.DLL
0x00007fffc7a70000 - 0x00007fffc7e67000 	C:\WINDOWS\System32\KERNELBASE.dll
0x00007fffc7870000 - 0x00007fffc79bb000 	C:\WINDOWS\System32\ucrtbase.dll
0x00007fffb9780000 - 0x00007fffb9798000 	c:\Users\aidad\.vscode\extensions\redhat.java-1.54.0-win32-x64\jre\21.0.10-win32-x86_64\bin\jli.dll
0x00007fffc9f60000 - 0x00007fffca126000 	C:\WINDOWS\System32\USER32.dll
0x00007fffc7840000 - 0x00007fffc7867000 	C:\WINDOWS\System32\win32u.dll
0x00007fffc84d0000 - 0x00007fffc84fb000 	C:\WINDOWS\System32\GDI32.dll
0x00007fffc80a0000 - 0x00007fffc81cc000 	C:\WINDOWS\System32\gdi32full.dll
0x00007fffc7ff0000 - 0x00007fffc8093000 	C:\WINDOWS\System32\msvcp_win.dll
0x00007fffb8e10000 - 0x00007fffb8e2e000 	c:\Users\aidad\.vscode\extensions\redhat.java-1.54.0-win32-x64\jre\21.0.10-win32-x86_64\bin\VCRUNTIME140.dll
0x00007fffb1870000 - 0x00007fffb1b02000 	C:\WINDOWS\WinSxS\amd64_microsoft.windows.common-controls_6595b64144ccf1df_6.0.26100.8457_none_3e0b2faee331e92d\COMCTL32.dll
0x00007fffc9190000 - 0x00007fffc9239000 	C:\WINDOWS\System32\msvcrt.dll
0x00007fffc9240000 - 0x00007fffc9272000 	C:\WINDOWS\System32\IMM32.DLL
0x00007fffc2440000 - 0x00007fffc244c000 	c:\Users\aidad\.vscode\extensions\redhat.java-1.54.0-win32-x64\jre\21.0.10-win32-x86_64\bin\vcruntime140_1.dll
0x00007fff9baa0000 - 0x00007fff9bb2d000 	c:\Users\aidad\.vscode\extensions\redhat.java-1.54.0-win32-x64\jre\21.0.10-win32-x86_64\bin\msvcp140.dll
0x00007fff5db10000 - 0x00007fff5e8b1000 	c:\Users\aidad\.vscode\extensions\redhat.java-1.54.0-win32-x64\jre\21.0.10-win32-x86_64\bin\server\jvm.dll
0x00007fffc9e00000 - 0x00007fffc9eb6000 	C:\WINDOWS\System32\ADVAPI32.dll
0x00007fffc8980000 - 0x00007fffc8a27000 	C:\WINDOWS\System32\sechost.dll
0x00007fffc86a0000 - 0x00007fffc87b8000 	C:\WINDOWS\System32\RPCRT4.dll
0x00007fffca4c0000 - 0x00007fffca540000 	C:\WINDOWS\System32\WS2_32.dll
0x00007fffc6e30000 - 0x00007fffc6e8e000 	C:\WINDOWS\SYSTEM32\POWRPROF.dll
0x00007fffc1790000 - 0x00007fffc17c6000 	C:\WINDOWS\SYSTEM32\WINMM.dll
0x00007fffc17d0000 - 0x00007fffc17db000 	C:\WINDOWS\SYSTEM32\VERSION.dll
0x00007fffc6e10000 - 0x00007fffc6e24000 	C:\WINDOWS\SYSTEM32\UMPDC.dll
0x00007fffc5d60000 - 0x00007fffc5d7b000 	C:\WINDOWS\SYSTEM32\kernel.appcore.dll
0x00007fffbf080000 - 0x00007fffbf08a000 	c:\Users\aidad\.vscode\extensions\redhat.java-1.54.0-win32-x64\jre\21.0.10-win32-x86_64\bin\jimage.dll
0x00007fffc51e0000 - 0x00007fffc5422000 	C:\WINDOWS\SYSTEM32\DBGHELP.DLL
0x00007fffca130000 - 0x00007fffca4b3000 	C:\WINDOWS\System32\combase.dll
0x00007fffc94f0000 - 0x00007fffc95c9000 	C:\WINDOWS\System32\OLEAUT32.dll
0x00007fff9d830000 - 0x00007fff9d86b000 	C:\WINDOWS\SYSTEM32\dbgcore.DLL
0x00007fffc79c0000 - 0x00007fffc7a68000 	C:\WINDOWS\System32\bcryptPrimitives.dll
0x00007fffbe010000 - 0x00007fffbe01f000 	c:\Users\aidad\.vscode\extensions\redhat.java-1.54.0-win32-x64\jre\21.0.10-win32-x86_64\bin\instrument.dll
0x00007fffb8dd0000 - 0x00007fffb8df0000 	c:\Users\aidad\.vscode\extensions\redhat.java-1.54.0-win32-x64\jre\21.0.10-win32-x86_64\bin\java.dll
0x00007fffc95d0000 - 0x00007fffc9d3e000 	C:\WINDOWS\System32\SHELL32.dll
0x00007fffc6fd0000 - 0x00007fffc783c000 	C:\WINDOWS\System32\windows.storage.dll
0x00007fffc92e0000 - 0x00007fffc93d6000 	C:\WINDOWS\System32\SHCORE.dll
0x00007fffc8850000 - 0x00007fffc88b6000 	C:\WINDOWS\System32\shlwapi.dll
0x00007fffc6ef0000 - 0x00007fffc6f19000 	C:\WINDOWS\SYSTEM32\profapi.dll
0x00007fffadc60000 - 0x00007fffadc78000 	c:\Users\aidad\.vscode\extensions\redhat.java-1.54.0-win32-x64\jre\21.0.10-win32-x86_64\bin\zip.dll
0x00007fffbeae0000 - 0x00007fffbeaf0000 	C:\Users\aidad\.vscode\extensions\redhat.java-1.54.0-win32-x64\jre\21.0.10-win32-x86_64\bin\net.dll
0x00007fffbbbf0000 - 0x00007fffbbd19000 	C:\WINDOWS\SYSTEM32\WINHTTP.dll
0x00007fffc62d0000 - 0x00007fffc633c000 	C:\WINDOWS\system32\mswsock.dll
0x00007fffa9d50000 - 0x00007fffa9d66000 	C:\Users\aidad\.vscode\extensions\redhat.java-1.54.0-win32-x64\jre\21.0.10-win32-x86_64\bin\nio.dll
0x00007fffbd8a0000 - 0x00007fffbd8b0000 	c:\Users\aidad\.vscode\extensions\redhat.java-1.54.0-win32-x64\jre\21.0.10-win32-x86_64\bin\verify.dll
0x00007fffbf0d0000 - 0x00007fffbf115000 	C:\Users\aidad\AppData\Roaming\Code\User\globalStorage\redhat.java\1.54.0\config_win\org.eclipse.equinox.launcher\org.eclipse.equinox.launcher.win32.win32.x86_64_1.3.0.v20260203-2149\eclipse_11919.dll
0x00007fffc8500000 - 0x00007fffc8697000 	C:\WINDOWS\System32\ole32.dll
0x00007fffc65b0000 - 0x00007fffc65cb000 	C:\WINDOWS\SYSTEM32\CRYPTSP.dll
0x00007fffc5cc0000 - 0x00007fffc5cf9000 	C:\WINDOWS\system32\rsaenh.dll
0x00007fffc6380000 - 0x00007fffc63b3000 	C:\WINDOWS\SYSTEM32\USERENV.dll
0x00007fffc6ec0000 - 0x00007fffc6eea000 	C:\WINDOWS\SYSTEM32\bcrypt.dll
0x00007fffc65d0000 - 0x00007fffc65dc000 	C:\WINDOWS\SYSTEM32\CRYPTBASE.dll
0x00007fffc5820000 - 0x00007fffc5852000 	C:\WINDOWS\SYSTEM32\IPHLPAPI.DLL
0x00007fffca550000 - 0x00007fffca55a000 	C:\WINDOWS\System32\NSI.dll
0x00007fff9c6f0000 - 0x00007fff9c739000 	C:\Users\aidad\AppData\Local\Temp\jna-92808799\jna8524527377885292414.dll
0x00007fffc8840000 - 0x00007fffc8848000 	C:\WINDOWS\System32\PSAPI.DLL

JVMTI agents:
c:\Users\aidad\.vscode\extensions\redhat.java-1.54.0-win32-x64\lombok\lombok-1.18.39-4050.jar path:c:\Users\aidad\.vscode\extensions\redhat.java-1.54.0-win32-x64\jre\21.0.10-win32-x86_64\bin\instrument.dll, loaded, initialized, instrumentlib options:none

dbghelp: loaded successfully - version: 4.0.5 - missing functions: none
symbol engine: initialized successfully - sym options: 0x614 - pdb path: .;c:\Users\aidad\.vscode\extensions\redhat.java-1.54.0-win32-x64\jre\21.0.10-win32-x86_64\bin;C:\WINDOWS\SYSTEM32;C:\WINDOWS\WinSxS\amd64_microsoft.windows.common-controls_6595b64144ccf1df_6.0.26100.8457_none_3e0b2faee331e92d;c:\Users\aidad\.vscode\extensions\redhat.java-1.54.0-win32-x64\jre\21.0.10-win32-x86_64\bin\server;C:\Users\aidad\AppData\Roaming\Code\User\globalStorage\redhat.java\1.54.0\config_win\org.eclipse.equinox.launcher\org.eclipse.equinox.launcher.win32.win32.x86_64_1.3.0.v20260203-2149;C:\Users\aidad\AppData\Local\Temp\jna-92808799

VM Arguments:
jvm_args: --add-modules=ALL-SYSTEM --add-opens=java.base/java.util=ALL-UNNAMED --add-opens=java.base/java.lang=ALL-UNNAMED --add-opens=java.base/sun.nio.fs=ALL-UNNAMED -Declipse.application=org.eclipse.jdt.ls.core.id1 -Dosgi.bundles.defaultStartLevel=4 -Declipse.product=org.eclipse.jdt.ls.core.product -Djava.import.generatesMetadataFilesAtProjectRoot=false -DDetectVMInstallationsJob.disabled=true -Dfile.encoding=utf8 -XX:+UseParallelGC -XX:GCTimeRatio=4 -XX:AdaptiveSizePolicyWeight=90 -Dsun.zip.disableMemoryMapping=true -Xmx2G -Xms100m -Xlog:disable -javaagent:c:\Users\aidad\.vscode\extensions\redhat.java-1.54.0-win32-x64\lombok\lombok-1.18.39-4050.jar -XX:+HeapDumpOnOutOfMemoryError -XX:HeapDumpPath=c:\Users\aidad\AppData\Roaming\Code\User\workspaceStorage\d211727bd897d708d62249b149b39ef9\redhat.java -Daether.dependencyCollector.impl=bf 
java_command: c:\Users\aidad\.vscode\extensions\redhat.java-1.54.0-win32-x64\server\plugins\org.eclipse.equinox.launcher_1.7.100.v20251111-0406.jar -configuration c:\Users\aidad\AppData\Roaming\Code\User\globalStorage\redhat.java\1.54.0\config_win -data c:\Users\aidad\AppData\Roaming\Code\User\workspaceStorage\d211727bd897d708d62249b149b39ef9\redhat.java\jdt_ws --pipe=\\.\pipe\lsp-d379e4521fdaa82db27de3e2c097b3a6-sock
java_class_path (initial): c:\Users\aidad\.vscode\extensions\redhat.java-1.54.0-win32-x64\server\plugins\org.eclipse.equinox.launcher_1.7.100.v20251111-0406.jar
Launcher Type: SUN_STANDARD

[Global flags]
    uintx AdaptiveSizePolicyWeight                 = 90                                        {product} {command line}
     intx CICompilerCount                          = 2                                         {product} {ergonomic}
    uintx GCTimeRatio                              = 4                                         {product} {command line}
     bool HeapDumpOnOutOfMemoryError               = true                                   {manageable} {command line}
    ccstr HeapDumpPath                             = c:\Users\aidad\AppData\Roaming\Code\User\workspaceStorage\d211727bd897d708d62249b149b39ef9\redhat.java         {manageable} {command line}
   size_t InitialHeapSize                          = 104857600                                 {product} {command line}
   size_t MaxHeapSize                              = 2147483648                                {product} {command line}
   size_t MaxNewSize                               = 715653120                                 {product} {ergonomic}
   size_t MinHeapDeltaBytes                        = 524288                                    {product} {ergonomic}
   size_t MinHeapSize                              = 104857600                                 {product} {command line}
   size_t NewSize                                  = 34603008                                  {product} {ergonomic}
    uintx NonNMethodCodeHeapSize                   = 5826188                                {pd product} {ergonomic}
    uintx NonProfiledCodeHeapSize                  = 122916026                              {pd product} {ergonomic}
   size_t OldSize                                  = 70254592                                  {product} {ergonomic}
    uintx ProfiledCodeHeapSize                     = 122916026                              {pd product} {ergonomic}
    uintx ReservedCodeCacheSize                    = 251658240                              {pd product} {ergonomic}
     bool SegmentedCodeCache                       = true                                      {product} {ergonomic}
   size_t SoftMaxHeapSize                          = 2147483648                             {manageable} {ergonomic}
     bool UseCompressedOops                        = true                           {product lp64_product} {ergonomic}
     bool UseLargePagesIndividualAllocation        = false                                  {pd product} {ergonomic}
     bool UseParallelGC                            = true                                      {product} {command line}

Logging:
Log output configuration:
 #0: stdout all=off uptime,level,tags foldmultilines=false
 #1: stderr all=off uptime,level,tags foldmultilines=false

Release file:
JAVA_VERSION="21.0.10" 
MODULES="java.base java.compiler java.datatransfer java.xml java.prefs java.desktop java.instrument java.logging java.management java.security.sasl java.naming java.rmi java.management.rmi java.net.http java.scripting java.security.jgss java.transaction.xa java.sql java.sql.rowset java.xml.crypto java.se java.smartcardio jdk.accessibility jdk.internal.jvmstat jdk.attach jdk.charsets jdk.internal.opt jdk.zipfs jdk.compiler jdk.crypto.ec jdk.crypto.cryptoki jdk.crypto.mscapi jdk.dynalink jdk.internal.ed jdk.editpad jdk.hotspot.agent jdk.httpserver jdk.internal.le jdk.internal.vm.ci jdk.internal.vm.compiler jdk.internal.vm.compiler.management jdk.jartool jdk.javadoc jdk.jcmd jdk.management jdk.management.agent jdk.jconsole jdk.jdeps jdk.jdwp.agent jdk.jdi jdk.jfr jdk.jshell jdk.jsobject jdk.jstatd jdk.localedata jdk.management.jfr jdk.naming.dns jdk.naming.rmi jdk.net jdk.nio.mapmode jdk.random jdk.sctp jdk.security.auth jdk.security.jgss jdk.unsupported jdk.unsupported.desktop jdk.xml.dom" 

Environment Variables:
JAVA_HOME=C:\Program Files\Eclipse Adoptium\jdk-21.0.10.7-hotspot\
PATH=C:\Program Files\Eclipse Adoptium\jdk-21.0.10.7-hotspot\bin;C:\WINDOWS\system32;C:\WINDOWS;C:\WINDOWS\System32\Wbem;C:\WINDOWS\System32\WindowsPowerShell\v1.0\;C:\WINDOWS\System32\OpenSSH\;C:\Program Files\Git\cmd;C:\Users\aidad\AppData\Local\Programs\Python\Python313-32\Scripts\;C:\Users\aidad\AppData\Local\Programs\Python\Python313-32\;C:\Users\aidad\AppData\Local\Programs\Python\Launcher\;C:\Users\aidad\AppData\Local\Microsoft\WindowsApps;C:\Users\aidad\AppData\Local\Programs\Microsoft VS Code\bin
USERNAME=aidad
OS=Windows_NT
PROCESSOR_IDENTIFIER=AMD64 Family 23 Model 24 Stepping 1, AuthenticAMD
TMP=C:\Users\aidad\AppData\Local\Temp
TEMP=C:\Users\aidad\AppData\Local\Temp




Periodic native trim disabled

---------------  S Y S T E M  ---------------

OS:
 Windows 11 , 64 bit Build 26100 (10.0.26100.8328)
OS uptime: 6 days 6:26 hours

CPU: total 2 (initial active 2) (2 cores per cpu, 1 threads per core) family 23 model 24 stepping 1 microcode 0x8108109, cx8, cmov, fxsr, mmx, 3dnowpref, sse, sse2, sse3, ssse3, sse4a, sse4.1, sse4.2, popcnt, lzcnt, tsc, tscinvbit, avx, avx2, aes, clmul, bmi1, bmi2, adx, sha, fma, vzeroupper, clflush, clflushopt, rdtscp, f16c
Processor Information for the first 2 processors :
  Max Mhz: 2300, Current Mhz: 2300, Mhz Limit: 2300

Memory: 4k page, system-wide physical 3460M (591M free)
TotalPageFile size 14212M (AvailPageFile size 7M)
current process WorkingSet (physical memory assigned to process): 107M, peak: 107M
current process commit charge ("private bytes"): 243M, peak: 244M

vm_info: OpenJDK 64-Bit Server VM (21.0.10+7-LTS) for windows-amd64 JRE (21.0.10+7-LTS), built on 2026-01-20T00:00:00Z by "admin" with MS VC++ 17.12 (VS2022)

END.
